Archive member included to satisfy reference by file (symbol)

C:\Users\tudor\AppData\Local\arduino\cores\ad7ce2cedf845fbd2435460fc94e3620\core.a(main.cpp.o)
                              C:/Users/tudor/AppData/Local/Arduino15/packages/STMicroelectronics/tools/xpack-arm-none-eabi-gcc/14.2.1-1.1/bin/../lib/gcc/arm-none-eabi/14.2.1/../../../../arm-none-eabi/lib/thumb/v7-m/nofp/crt0.o (main)
C:\Users\tudor\AppData\Local\arduino\cores\ad7ce2cedf845fbd2435460fc94e3620\core.a(pins_arduino.c.o)
                              C:\Users\tudor\AppData\Local\arduino\sketches\DED406463191E99DDFC8E813FE329E13\libraries\SrcWrapper\HardwareTimer.cpp.o (pinNametoDigitalPin)
C:\Users\tudor\AppData\Local\arduino\cores\ad7ce2cedf845fbd2435460fc94e3620\core.a(startup_stm32yyxx.S.o)
                              (Reset_Handler)
C:\Users\tudor\AppData\Local\arduino\cores\ad7ce2cedf845fbd2435460fc94e3620\core.a(wiring_analog.c.o)
                              C:\Users\tudor\AppData\Local\arduino\sketches\DED406463191E99DDFC8E813FE329E13\sketch\line_follower.ino.cpp.o (analogWrite)
C:\Users\tudor\AppData\Local\arduino\cores\ad7ce2cedf845fbd2435460fc94e3620\core.a(wiring_digital.c.o)
                              C:\Users\tudor\AppData\Local\arduino\sketches\DED406463191E99DDFC8E813FE329E13\sketch\line_follower.ino.cpp.o (pinMode)
C:\Users\tudor\AppData\Local\arduino\cores\ad7ce2cedf845fbd2435460fc94e3620\core.a(wiring_time.c.o)
                              C:\Users\tudor\AppData\Local\arduino\sketches\DED406463191E99DDFC8E813FE329E13\sketch\line_follower.ino.cpp.o (delay)
C:\Users\tudor\AppData\Local\arduino\cores\ad7ce2cedf845fbd2435460fc94e3620\core.a(WSerial.cpp.o)
                              C:\Users\tudor\AppData\Local\arduino\cores\ad7ce2cedf845fbd2435460fc94e3620\core.a(main.cpp.o) (serialEventRun())
C:\Users\tudor\AppData\Local\arduino\cores\ad7ce2cedf845fbd2435460fc94e3620\core.a(board.c.o)
                              C:\Users\tudor\AppData\Local\arduino\cores\ad7ce2cedf845fbd2435460fc94e3620\core.a(main.cpp.o) (init)
C:\Users\tudor\AppData\Local\arduino\cores\ad7ce2cedf845fbd2435460fc94e3620\core.a(hooks.c.o)
                              C:\Users\tudor\AppData\Local\arduino\cores\ad7ce2cedf845fbd2435460fc94e3620\core.a(wiring_time.c.o) (yield)
C:/Users/tudor/AppData/Local/Arduino15/packages/STMicroelectronics/tools/xpack-arm-none-eabi-gcc/14.2.1-1.1/bin/../lib/gcc/arm-none-eabi/14.2.1/../../../../arm-none-eabi/lib/thumb/v7-m/nofp\libc_nano.a(libc_a-atexit.o)
                              C:/Users/tudor/AppData/Local/Arduino15/packages/STMicroelectronics/tools/xpack-arm-none-eabi-gcc/14.2.1-1.1/bin/../lib/gcc/arm-none-eabi/14.2.1/../../../../arm-none-eabi/lib/thumb/v7-m/nofp/crt0.o (atexit)
C:/Users/tudor/AppData/Local/Arduino15/packages/STMicroelectronics/tools/xpack-arm-none-eabi-gcc/14.2.1-1.1/bin/../lib/gcc/arm-none-eabi/14.2.1/../../../../arm-none-eabi/lib/thumb/v7-m/nofp\libc_nano.a(libc_a-exit.o)
                              C:/Users/tudor/AppData/Local/Arduino15/packages/STMicroelectronics/tools/xpack-arm-none-eabi-gcc/14.2.1-1.1/bin/../lib/gcc/arm-none-eabi/14.2.1/../../../../arm-none-eabi/lib/thumb/v7-m/nofp/crt0.o (exit)
C:/Users/tudor/AppData/Local/Arduino15/packages/STMicroelectronics/tools/xpack-arm-none-eabi-gcc/14.2.1-1.1/bin/../lib/gcc/arm-none-eabi/14.2.1/../../../../arm-none-eabi/lib/thumb/v7-m/nofp\libc_nano.a(libc_a-malloc.o)
                              C:\Users\tudor\AppData\Local\arduino\sketches\DED406463191E99DDFC8E813FE329E13\libraries\SrcWrapper\new.cpp.o (malloc)
C:/Users/tudor/AppData/Local/Arduino15/packages/STMicroelectronics/tools/xpack-arm-none-eabi-gcc/14.2.1-1.1/bin/../lib/gcc/arm-none-eabi/14.2.1/../../../../arm-none-eabi/lib/thumb/v7-m/nofp\libc_nano.a(libc_a-mallocr.o)
                              C:/Users/tudor/AppData/Local/Arduino15/packages/STMicroelectronics/tools/xpack-arm-none-eabi-gcc/14.2.1-1.1/bin/../lib/gcc/arm-none-eabi/14.2.1/../../../../arm-none-eabi/lib/thumb/v7-m/nofp\libc_nano.a(libc_a-malloc.o) (_malloc_r)
C:/Users/tudor/AppData/Local/Arduino15/packages/STMicroelectronics/tools/xpack-arm-none-eabi-gcc/14.2.1-1.1/bin/../lib/gcc/arm-none-eabi/14.2.1/../../../../arm-none-eabi/lib/thumb/v7-m/nofp\libc_nano.a(libc_a-mlock.o)
                              C:/Users/tudor/AppData/Local/Arduino15/packages/STMicroelectronics/tools/xpack-arm-none-eabi-gcc/14.2.1-1.1/bin/../lib/gcc/arm-none-eabi/14.2.1/../../../../arm-none-eabi/lib/thumb/v7-m/nofp\libc_nano.a(libc_a-mallocr.o) (__malloc_lock)
C:/Users/tudor/AppData/Local/Arduino15/packages/STMicroelectronics/tools/xpack-arm-none-eabi-gcc/14.2.1-1.1/bin/../lib/gcc/arm-none-eabi/14.2.1/../../../../arm-none-eabi/lib/thumb/v7-m/nofp\libc_nano.a(libc_a-findfp.o)
[...]
Memory Configuration

Name             Origin             Length             Attributes
*default*        0x00000000         0xffffffff
RAM              0x20000000         0x00002800         xrw
FLASH            0x08000000         0x00008000         xr

Linker script and memory map

START GROUP
LOAD C:\Users\tudor\AppData\Local\arduino\sketches\DED406463191E99DDFC8E813FE329E13\sketch\line_follower.ino.cpp.o
LOAD C:\Users\tudor\AppData\Local\arduino\sketches\DED406463191E99DDFC8E813FE329E13\sketch\requiredLibraries.cpp.o
LOAD C:\Users\tudor\AppData\Local\arduino\sketches\DED406463191E99DDFC8E813FE329E13\libraries\SrcWrapper\HAL\stm32yyxx_hal.c.o
LOAD C:\Users\tudor\AppData\Local\arduino\sketches\DED406463191E99DDFC8E813FE329E13\libraries\SrcWrapper\HAL\stm32yyxx_hal_adc.c.o
LOAD C:\Users\tudor\AppData\Local\arduino\sketches\DED406463191E99DDFC8E813FE329E13\libraries\SrcWrapper\HAL\stm32yyxx_hal_adc_ex.c.o
LOAD C:\Users\tudor\AppData\Local\arduino\sketches\DED406463191E99DDFC8E813FE329E13\libraries\SrcWrapper\HAL\stm32yyxx_hal_can.c.o
LOAD C:\Users\tudor\AppData\Local\arduino\sketches\DED406463191E99DDFC8E813FE329E13\libraries\SrcWrapper\HAL\stm32yyxx_hal_ccb.c.o
LOAD C:\Users\tudor\AppData\Local\arduino\sketches\DED406463191E99DDFC8E813FE329E13\libraries\SrcWrapper\HAL\stm32yyxx_hal_cec.c.o
LOAD C:\Users\tudor\AppData\Local\arduino\sketches\DED406463191E99DDFC8E813FE329E13\libraries\SrcWrapper\HAL\stm32yyxx_hal_comp.c.o
LOAD C:\Users\tudor\AppData\Local\arduino\sketches\DED406463191E99DDFC8E813FE329E13\libraries\SrcWrapper\HAL\stm32yyxx_hal_comp_ex.c.o
LOAD C:\Users\tudor\AppData\Local\arduino\sketches\DED406463191E99DDFC8E813FE329E13\libraries\SrcWrapper\HAL\stm32yyxx_hal_cordic.c.o
LOAD C:\Users\tudor\AppData\Local\arduino\sketches\DED406463191E99DDFC8E813FE329E13\libraries\SrcWrapper\HAL\stm32yyxx_hal_cortex.c.o
LOAD C:\Users\tudor\AppData\Local\arduino\sketches\DED406463191E99DDFC8E813FE329E13\libraries\SrcWrapper\HAL\stm32yyxx_hal_crc.c.o
LOAD C:\Users\tudor\AppData\Local\arduino\sketches\DED406463191E99DDFC8E813FE329E13\libraries\SrcWrapper\HAL\stm32yyxx_hal_crc_ex.c.o
LOAD C:\Users\tudor\AppData\Local\arduino\sketches\DED406463191E99DDFC8E813FE329E13\libraries\SrcWrapper\HAL\stm32yyxx_hal_cryp.c.o
LOAD C:\Users\tudor\AppData\Local\arduino\sketches\DED406463191E99DDFC8E813FE329E13\libraries\SrcWrapper\HAL\stm32yyxx_hal_cryp_ex.c.o
LOAD C:\Users\tudor\AppData\Local\arduino\sketches\DED406463191E99DDFC8E813FE329E13\libraries\SrcWrapper\HAL\stm32yyxx_hal_dac.c.o
LOAD C:\Users\tudor\AppData\Local\arduino\sketches\DED406463191E99DDFC8E813FE329E13\libraries\SrcWrapper\HAL\stm32yyxx_hal_dac_ex.c.o
LOAD C:\Users\tudor\AppData\Local\arduino\sketches\DED406463191E99DDFC8E813FE329E13\libraries\SrcWrapper\HAL\stm32yyxx_hal_dcache.c.o
LOAD C:\Users\tudor\AppData\Local\arduino\sketches\DED406463191E99DDFC8E813FE329E13\libraries\SrcWrapper\HAL\stm32yyxx_hal_dcmi.c.o
LOAD C:\Users\tudor\AppData\Local\arduino\sketches\DED406463191E99DDFC8E813FE329E13\libraries\SrcWrapper\HAL\stm32yyxx_hal_dcmi_ex.c.o
LOAD C:\Users\tudor\AppData\Local\arduino\sketches\DED406463191E99DDFC8E813FE329E13\libraries\SrcWrapper\HAL\stm32yyxx_hal_dfsdm.c.o
LOAD C:\Users\tudor\AppData\Local\arduino\sketches\DED406463191E99DDFC8E813FE329E13\libraries\SrcWrapper\HAL\stm32yyxx_hal_dfsdm_ex.c.o
LOAD C:\Users\tudor\AppData\Local\arduino\sketches\DED406463191E99DDFC8E813FE329E13\libraries\SrcWrapper\HAL\stm32yyxx_hal_dma.c.o
LOAD C:\Users\tudor\AppData\Local\arduino\sketches\DED406463191E99DDFC8E813FE329E13\libraries\SrcWrapper\HAL\stm32yyxx_hal_dma2d.c.o
LOAD C:\Users\tudor\AppData\Local\arduino\sketches\DED406463191E99DDFC8E813FE329E13\libraries\SrcWrapper\HAL\stm32yyxx_hal_dma_ex.c.o
LOAD C:\Users\tudor\AppData\Local\arduino\sketches\DED406463191E99DDFC8E813FE329E13\libraries\SrcWrapper\HAL\stm32yyxx_hal_dsi.c.o
LOAD C:\Users\tudor\AppData\Local\arduino\sketches\DED406463191E99DDFC8E813FE329E13\libraries\SrcWrapper\HAL\stm32yyxx_hal_dts.c.o
LOAD C:\Users\tudor\AppData\Local\arduino\sketches\DED406463191E99DDFC8E813FE329E13\libraries\SrcWrapper\HAL\stm32yyxx_hal_eth.c.o
LOAD C:\Users\tudor\AppData\Local\arduino\sketches\DED406463191E99DDFC8E813FE329E13\libraries\SrcWrapper\HAL\stm32yyxx_hal_eth_ex.c.o
LOAD C:\Users\tudor\AppData\Local\arduino\sketches\DED406463191E99DDFC8E813FE329E13\libraries\SrcWrapper\HAL\stm32yyxx_hal_exti.c.o
LOAD C:\Users\tudor\AppData\Local\arduino\sketches\DED406463191E99DDFC8E813FE329E13\libraries\SrcWrapper\HAL\stm32yyxx_hal_fdcan.c.o
LOAD C:\Users\tudor\AppData\Local\arduino\sketches\DED406463191E99DDFC8E813FE329E13\libraries\SrcWrapper\HAL\stm32yyxx_hal_firewall.c.o
LOAD C:\Users\tudor\AppData\Local\arduino\sketches\DED406463191E99DDFC8E813FE329E13\libraries\SrcWrapper\HAL\stm32yyxx_hal_flash.c.o
LOAD C:\Users\tudor\AppData\Local\arduino\sketches\DED406463191E99DDFC8E813FE329E13\libraries\SrcWrapper\HAL\stm32yyxx_hal_flash_ex.c.o
LOAD C:\Users\tudor\AppData\Local\arduino\sketches\DED406463191E99DDFC8E813FE329E13\libraries\SrcWrapper\HAL\stm32yyxx_hal_flash_ramfunc.c.o
LOAD C:\Users\tudor\AppData\Local\arduino\sketches\DED406463191E99DDFC8E813FE329E13\libraries\SrcWrapper\HAL\stm32yyxx_hal_fmac.c.o
LOAD C:\Users\tudor\AppData\Local\arduino\sketches\DED406463191E99DDFC8E813FE329E13\libraries\SrcWrapper\HAL\stm32yyxx_hal_fmpi2c.c.o
LOAD C:\Users\tudor\AppData\Local\arduino\sketches\DED406463191E99DDFC8E813FE329E13\libraries\SrcWrapper\HAL\stm32yyxx_hal_fmpi2c_ex.c.o
LOAD C:\Users\tudor\AppData\Local\arduino\sketches\DED406463191E99DDFC8E813FE329E13\libraries\SrcWrapper\HAL\stm32yyxx_hal_fmpsmbus.c.o
LOAD C:\Users\tudor\AppData\Local\arduino\sketches\DED406463191E99DDFC8E813FE329E13\libraries\SrcWrapper\HAL\stm32yyxx_hal_fmpsmbus_ex.c.o
LOAD C:\Users\tudor\AppData\Local\arduino\sketches\DED406463191E99DDFC8E813FE329E13\libraries\SrcWrapper\HAL\stm32yyxx_hal_gfxmmu.c.o
LOAD C:\Users\tudor\AppData\Local\arduino\sketches\DED406463191E99DDFC8E813FE329E13\libraries\SrcWrapper\HAL\stm32yyxx_hal_gfxtim.c.o
LOAD C:\Users\tudor\AppData\Local\arduino\sketches\DED406463191E99DDFC8E813FE329E13\libraries\SrcWrapper\HAL\stm32yyxx_hal_gpio.c.o
LOAD C:\Users\tudor\AppData\Local\arduino\sketches\DED406463191E99DDFC8E813FE329E13\libraries\SrcWrapper\HAL\stm32yyxx_hal_gpio_ex.c.o
LOAD C:\Users\tudor\AppData\Local\arduino\sketches\DED406463191E99DDFC8E813FE329E13\libraries\SrcWrapper\HAL\stm32yyxx_hal_gpu2d.c.o
LOAD C:\Users\tudor\AppData\Local\arduino\sketches\DED406463191E99DDFC8E813FE329E13\libraries\SrcWrapper\HAL\stm32yyxx_hal_gtzc.c.o
LOAD C:\Users\tudor\AppData\Local\arduino\sketches\DED406463191E99DDFC8E813FE329E13\libraries\SrcWrapper\HAL\stm32yyxx_hal_hash.c.o
LOAD C:\Users\tudor\AppData\Local\arduino\sketches\DED406463191E99DDFC8E813FE329E13\libraries\SrcWrapper\HAL\stm32yyxx_hal_hash_ex.c.o
LOAD C:\Users\tudor\AppData\Local\arduino\sketches\DED406463191E99DDFC8E813FE329E13\libraries\SrcWrapper\HAL\stm32yyxx_hal_hcd.c.o
LOAD C:\Users\tudor\AppData\Local\arduino\sketches\DED406463191E99DDFC8E813FE329E13\libraries\SrcWrapper\HAL\stm32yyxx_hal_hrtim.c.o
LOAD C:\Users\tudor\AppData\Local\arduino\sketches\DED406463191E99DDFC8E813FE329E13\libraries\SrcWrapper\HAL\stm32yyxx_hal_hsem.c.o
LOAD C:\Users\tudor\AppData\Local\arduino\sketches\DED406463191E99DDFC8E813FE329E13\libraries\SrcWrapper\HAL\stm32yyxx_hal_i2c.c.o
LOAD C:\Users\tudor\AppData\Local\arduino\sketches\DED406463191E99DDFC8E813FE329E13\libraries\SrcWrapper\HAL\stm32yyxx_hal_i2c_ex.c.o
LOAD C:\Users\tudor\AppData\Local\arduino\sketches\DED406463191E99DDFC8E813FE329E13\libraries\SrcWrapper\HAL\stm32yyxx_hal_i2s.c.o
LOAD C:\Users\tudor\AppData\Local\arduino\sketches\DED406463191E99DDFC8E813FE329E13\libraries\SrcWrapper\HAL\stm32yyxx_hal_i2s_ex.c.o
LOAD C:\Users\tudor\AppData\Local\arduino\sketches\DED406463191E99DDFC8E813FE329E13\libraries\SrcWrapper\HAL\stm32yyxx_hal_i3c.c.o
LOAD C:\Users\tudor\AppData\Local\arduino\sketches\DED406463191E99DDFC8E813FE329E13\libraries\SrcWrapper\HAL\stm32yyxx_hal_icache.c.o
LOAD C:\Users\tudor\AppData\Local\arduino\sketches\DED406463191E99DDFC8E813FE329E13\libraries\SrcWrapper\HAL\stm32yyxx_hal_ipcc.c.o
LOAD C:\Users\tudor\AppData\Local\arduino\sketches\DED406463191E99DDFC8E813FE329E13\libraries\SrcWrapper\HAL\stm32yyxx_hal_irda.c.o
LOAD C:\Users\tudor\AppData\Local\arduino\sketches\DED406463191E99DDFC8E813FE329E13\libraries\SrcWrapper\HAL\stm32yyxx_hal_iwdg.c.o
LOAD C:\Users\tudor\AppData\Local\arduino\sketches\DED406463191E99DDFC8E813FE329E13\libraries\SrcWrapper\HAL\stm32yyxx_hal_jpeg.c.o
LOAD C:\Users\tudor\AppData\Local\arduino\sketches\DED406463191E99DDFC8E813FE329E13\libraries\SrcWrapper\HAL\stm32yyxx_hal_lcd.c.o
LOAD C:\Users\tudor\AppData\Local\arduino\sketches\DED406463191E99DDFC8E813FE329E13\libraries\SrcWrapper\HAL\stm32yyxx_hal_lptim.c.o
LOAD C:\Users\tudor\AppData\Local\arduino\sketches\DED406463191E99DDFC8E813FE329E13\libraries\SrcWrapper\HAL\stm32yyxx_hal_ltdc.c.o
LOAD C:\Users\tudor\AppData\Local\arduino\sketches\DED406463191E99DDFC8E813FE329E13\libraries\SrcWrapper\HAL\stm32yyxx_hal_ltdc_ex.c.o
LOAD C:\Users\tudor\AppData\Local\arduino\sketches\DED406463191E99DDFC8E813FE329E13\libraries\SrcWrapper\HAL\stm32yyxx_hal_mdf.c.o
LOAD C:\Users\tudor\AppData\Local\arduino\sketches\DED406463191E99DDFC8E813FE329E13\libraries\SrcWrapper\HAL\stm32yyxx_hal_mdios.c.o
LOAD C:\Users\tudor\AppData\Local\arduino\sketches\DED406463191E99DDFC8E813FE329E13\libraries\SrcWrapper\HAL\stm32yyxx_hal_mdma.c.o
LOAD C:\Users\tudor\AppData\Local\arduino\sketches\DED406463191E99DDFC8E813FE329E13\libraries\SrcWrapper\HAL\stm32yyxx_hal_mmc.c.o
LOAD C:\Users\tudor\AppData\Local\arduino\sketches\DED406463191E99DDFC8E813FE329E13\libraries\SrcWrapper\HAL\stm32yyxx_hal_mmc_ex.c.o
LOAD C:\Users\tudor\AppData\Local\arduino\sketches\DED406463191E99DDFC8E813FE329E13\libraries\SrcWrapper\HAL\stm32yyxx_hal_nand.c.o
LOAD C:\Users\tudor\AppData\Local\arduino\sketches\DED406463191E99DDFC8E813FE329E13\libraries\SrcWrapper\HAL\stm32yyxx_hal_nor.c.o
LOAD C:\Users\tudor\AppData\Local\arduino\sketches\DED406463191E99DDFC8E813FE329E13\libraries\SrcWrapper\HAL\stm32yyxx_hal_opamp.c.o
LOAD C:\Users\tudor\AppData\Local\arduino\sketches\DED406463191E99DDFC8E813FE329E13\libraries\SrcWrapper\HAL\stm32yyxx_hal_opamp_ex.c.o
LOAD C:\Users\tudor\AppData\Local\arduino\sketches\DED406463191E99DDFC8E813FE329E13\libraries\SrcWrapper\HAL\stm32yyxx_hal_ospi.c.o
LOAD C:\Users\tudor\AppData\Local\arduino\sketches\DED406463191E99DDFC8E813FE329E13\libraries\SrcWrapper\HAL\stm32yyxx_hal_otfdec.c.o
LOAD C:\Users\tudor\AppData\Local\arduino\sketches\DED406463191E99DDFC8E813FE329E13\libraries\SrcWrapper\HAL\stm32yyxx_hal_pccard.c.o
LOAD C:\Users\tudor\AppData\Local\arduino\sketches\DED406463191E99DDFC8E813FE329E13\libraries\SrcWrapper\HAL\stm32yyxx_hal_pcd.c.o
LOAD C:\Users\tudor\AppData\Local\arduino\sketches\DED406463191E99DDFC8E813FE329E13\libraries\SrcWrapper\HAL\stm32yyxx_hal_pcd_ex.c.o
LOAD C:\Users\tudor\AppData\Local\arduino\sketches\DED406463191E99DDFC8E813FE329E13\libraries\SrcWrapper\HAL\stm32yyxx_hal_pka.c.o
LOAD C:\Users\tudor\AppData\Local\arduino\sketches\DED406463191E99DDFC8E813FE329E13\libraries\SrcWrapper\HAL\stm32yyxx_hal_pssi.c.o
LOAD C:\Users\tudor\AppData\Local\arduino\sketches\DED406463191E99DDFC8E813FE329E13\libraries\SrcWrapper\HAL\stm32yyxx_hal_pwr.c.o
LOAD C:\Users\tudor\AppData\Local\arduino\sketches\DED406463191E99DDFC8E813FE329E13\libraries\SrcWrapper\HAL\stm32yyxx_hal_pwr_ex.c.o
LOAD C:\Users\tudor\AppData\Local\arduino\sketches\DED406463191E99DDFC8E813FE329E13\libraries\SrcWrapper\HAL\stm32yyxx_hal_qspi.c.o
LOAD C:\Users\tudor\AppData\Local\arduino\sketches\DED406463191E99DDFC8E813FE329E13\libraries\SrcWrapper\HAL\stm32yyxx_hal_radio.c.o
LOAD C:\Users\tudor\AppData\Local\arduino\sketches\DED406463191E99DDFC8E813FE329E13\libraries\SrcWrapper\HAL\stm32yyxx_hal_radio_timer.c.o
LOAD C:\Users\tudor\AppData\Local\arduino\sketches\DED406463191E99DDFC8E813FE329E13\libraries\SrcWrapper\HAL\stm32yyxx_hal_ramcfg.c.o
LOAD C:\Users\tudor\AppData\Local\arduino\sketches\DED406463191E99DDFC8E813FE329E13\libraries\SrcWrapper\HAL\stm32yyxx_hal_ramecc.c.o
LOAD C:\Users\tudor\AppData\Local\arduino\sketches\DED406463191E99DDFC8E813FE329E13\libraries\SrcWrapper\HAL\stm32yyxx_hal_rcc.c.o
LOAD C:\Users\tudor\AppData\Local\arduino\sketches\DED406463191E99DDFC8E813FE329E13\libraries\SrcWrapper\HAL\stm32yyxx_hal_rcc_ex.c.o
LOAD C:\Users\tudor\AppData\Local\arduino\sketches\DED406463191E99DDFC8E813FE329E13\libraries\SrcWrapper\HAL\stm32yyxx_hal_rng.c.o
LOAD C:\Users\tudor\AppData\Local\arduino\sketches\DED406463191E99DDFC8E813FE329E13\libraries\SrcWrapper\HAL\stm32yyxx_hal_rng_ex.c.o
LOAD C:\Users\tudor\AppData\Local\arduino\sketches\DED406463191E99DDFC8E813FE329E13\libraries\SrcWrapper\HAL\stm32yyxx_hal_rtc.c.o
LOAD C:\Users\tudor\AppData\Local\arduino\sketches\DED406463191E99DDFC8E813FE329E13\libraries\SrcWrapper\HAL\stm32yyxx_hal_rtc_ex.c.o
LOAD C:\Users\tudor\AppData\Local\arduino\sketches\DED406463191E99DDFC8E813FE329E13\libraries\SrcWrapper\HAL\stm32yyxx_hal_sai.c.o
LOAD C:\Users\tudor\AppData\Local\arduino\sketches\DED406463191E99DDFC8E813FE329E13\libraries\SrcWrapper\HAL\stm32yyxx_hal_sai_ex.c.o
LOAD C:\Users\tudor\AppData\Local\arduino\sketches\DED406463191E99DDFC8E813FE329E13\libraries\SrcWrapper\HAL\stm32yyxx_hal_sd.c.o
LOAD C:\Users\tudor\AppData\Local\arduino\sketches\DED406463191E99DDFC8E813FE329E13\libraries\SrcWrapper\HAL\stm32yyxx_hal_sd_ex.c.o
LOAD C:\Users\tudor\AppData\Local\arduino\sketches\DED406463191E99DDFC8E813FE329E13\libraries\SrcWrapper\HAL\stm32yyxx_hal_sdadc.c.o
LOAD C:\Users\tudor\AppData\Local\arduino\sketches\DED406463191E99DDFC8E813FE329E13\libraries\SrcWrapper\HAL\stm32yyxx_hal_sdio.c.o
LOAD C:\Users\tudor\AppData\Local\arduino\sketches\DED406463191E99DDFC8E813FE329E13\libraries\SrcWrapper\HAL\stm32yyxx_hal_sdram.c.o
LOAD C:\Users\tudor\AppData\Local\arduino\sketches\DED406463191E99DDFC8E813FE329E13\libraries\SrcWrapper\HAL\stm32yyxx_hal_smartcard.c.o
LOAD C:\Users\tudor\AppData\Local\arduino\sketches\DED406463191E99DDFC8E813FE329E13\libraries\SrcWrapper\HAL\stm32yyxx_hal_smartcard_ex.c.o
LOAD C:\Users\tudor\AppData\Local\arduino\sketches\DED406463191E99DDFC8E813FE329E13\libraries\SrcWrapper\HAL\stm32yyxx_hal_smbus.c.o
LOAD C:\Users\tudor\AppData\Local\arduino\sketches\DED406463191E99DDFC8E813FE329E13\libraries\SrcWrapper\HAL\stm32yyxx_hal_smbus_ex.c.o
LOAD C:\Users\tudor\AppData\Local\arduino\sketches\DED406463191E99DDFC8E813FE329E13\libraries\SrcWrapper\HAL\stm32yyxx_hal_spdifrx.c.o
LOAD C:\Users\tudor\AppData\Local\arduino\sketches\DED406463191E99DDFC8E813FE329E13\libraries\SrcWrapper\HAL\stm32yyxx_hal_spi.c.o
LOAD C:\Users\tudor\AppData\Local\arduino\sketches\DED406463191E99DDFC8E813FE329E13\libraries\SrcWrapper\HAL\stm32yyxx_hal_spi_ex.c.o
LOAD C:\Users\tudor\AppData\Local\arduino\sketches\DED406463191E99DDFC8E813FE329E13\libraries\SrcWrapper\HAL\stm32yyxx_hal_sram.c.o
LOAD C:\Users\tudor\AppData\Local\arduino\sketches\DED406463191E99DDFC8E813FE329E13\libraries\SrcWrapper\HAL\stm32yyxx_hal_subghz.c.o
LOAD C:\Users\tudor\AppData\Local\arduino\sketches\DED406463191E99DDFC8E813FE329E13\libraries\SrcWrapper\HAL\stm32yyxx_hal_swpmi.c.o
LOAD C:\Users\tudor\AppData\Local\arduino\sketches\DED406463191E99DDFC8E813FE329E13\libraries\SrcWrapper\HAL\stm32yyxx_hal_tim.c.o
LOAD C:\Users\tudor\AppData\Local\arduino\sketches\DED406463191E99DDFC8E813FE329E13\libraries\SrcWrapper\HAL\stm32yyxx_hal_tim_ex.c.o
LOAD C:\Users\tudor\AppData\Local\arduino\sketches\DED406463191E99DDFC8E813FE329E13\libraries\SrcWrapper\HAL\stm32yyxx_hal_tsc.c.o
LOAD C:\Users\tudor\AppData\Local\arduino\sketches\DED406463191E99DDFC8E813FE329E13\libraries\SrcWrapper\HAL\stm32yyxx_hal_uart.c.o
LOAD C:\Users\tudor\AppData\Local\arduino\sketches\DED406463191E99DDFC8E813FE329E13\libraries\SrcWrapper\HAL\stm32yyxx_hal_uart_ex.c.o
LOAD C:\Users\tudor\AppData\Local\arduino\sketches\DED406463191E99DDFC8E813FE329E13\libraries\SrcWrapper\HAL\stm32yyxx_hal_usart.c.o
LOAD C:\Users\tudor\AppData\Local\arduino\sketches\DED406463191E99DDFC8E813FE329E13\libraries\SrcWrapper\HAL\stm32yyxx_hal_usart_ex.c.o
LOAD C:\Users\tudor\AppData\Local\arduino\sketches\DED406463191E99DDFC8E813FE329E13\libraries\SrcWrapper\HAL\stm32yyxx_hal_wwdg.c.o
LOAD C:\Users\tudor\AppData\Local\arduino\sketches\DED406463191E99DDFC8E813FE329E13\libraries\SrcWrapper\HAL\stm32yyxx_hal_xspi.c.o
LOAD C:\Users\tudor\AppData\Local\arduino\sketches\DED406463191E99DDFC8E813FE329E13\libraries\SrcWrapper\HardwareTimer.cpp.o
LOAD C:\Users\tudor\AppData\Local\arduino\sketches\DED406463191E99DDFC8E813FE329E13\libraries\SrcWrapper\LL\stm32yyxx_ll_adc.c.o
LOAD C:\Users\tudor\AppData\Local\arduino\sketches\DED406463191E99DDFC8E813FE329E13\libraries\SrcWrapper\LL\stm32yyxx_ll_bdma.c.o
LOAD C:\Users\tudor\AppData\Local\arduino\sketches\DED406463191E99DDFC8E813FE329E13\libraries\SrcWrapper\LL\stm32yyxx_ll_comp.c.o
LOAD C:\Users\tudor\AppData\Local\arduino\sketches\DED406463191E99DDFC8E813FE329E13\libraries\SrcWrapper\LL\stm32yyxx_ll_cordic.c.o
LOAD C:\Users\tudor\AppData\Local\arduino\sketches\DED406463191E99DDFC8E813FE329E13\libraries\SrcWrapper\LL\stm32yyxx_ll_crc.c.o
LOAD C:\Users\tudor\AppData\Local\arduino\sketches\DED406463191E99DDFC8E813FE329E13\libraries\SrcWrapper\LL\stm32yyxx_ll_crs.c.o
LOAD C:\Users\tudor\AppData\Local\arduino\sketches\DED406463191E99DDFC8E813FE329E13\libraries\SrcWrapper\LL\stm32yyxx_ll_dac.c.o
LOAD C:\Users\tudor\AppData\Local\arduino\sketches\DED406463191E99DDFC8E813FE329E13\libraries\SrcWrapper\LL\stm32yyxx_ll_delayblock.c.o
LOAD C:\Users\tudor\AppData\Local\arduino\sketches\DED406463191E99DDFC8E813FE329E13\libraries\SrcWrapper\LL\stm32yyxx_ll_dlyb.c.o
LOAD C:\Users\tudor\AppData\Local\arduino\sketches\DED406463191E99DDFC8E813FE329E13\libraries\SrcWrapper\LL\stm32yyxx_ll_dma.c.o
LOAD C:\Users\tudor\AppData\Local\arduino\sketches\DED406463191E99DDFC8E813FE329E13\libraries\SrcWrapper\LL\stm32yyxx_ll_dma2d.c.o
LOAD C:\Users\tudor\AppData\Local\arduino\sketches\DED406463191E99DDFC8E813FE329E13\libraries\SrcWrapper\LL\stm32yyxx_ll_exti.c.o
LOAD C:\Users\tudor\AppData\Local\arduino\sketches\DED406463191E99DDFC8E813FE329E13\libraries\SrcWrapper\LL\stm32yyxx_ll_fmac.c.o
LOAD C:\Users\tudor\AppData\Local\arduino\sketches\DED406463191E99DDFC8E813FE329E13\libraries\SrcWrapper\LL\stm32yyxx_ll_fmc.c.o
LOAD C:\Users\tudor\AppData\Local\arduino\sketches\DED406463191E99DDFC8E813FE329E13\libraries\SrcWrapper\LL\stm32yyxx_ll_fmpi2c.c.o
LOAD C:\Users\tudor\AppData\Local\arduino\sketches\DED406463191E99DDFC8E813FE329E13\libraries\SrcWrapper\LL\stm32yyxx_ll_fsmc.c.o
LOAD C:\Users\tudor\AppData\Local\arduino\sketches\DED406463191E99DDFC8E813FE329E13\libraries\SrcWrapper\LL\stm32yyxx_ll_gpio.c.o
LOAD C:\Users\tudor\AppData\Local\arduino\sketches\DED406463191E99DDFC8E813FE329E13\libraries\SrcWrapper\LL\stm32yyxx_ll_hrtim.c.o
LOAD C:\Users\tudor\AppData\Local\arduino\sketches\DED406463191E99DDFC8E813FE329E13\libraries\SrcWrapper\LL\stm32yyxx_ll_i2c.c.o
LOAD C:\Users\tudor\AppData\Local\arduino\sketches\DED406463191E99DDFC8E813FE329E13\libraries\SrcWrapper\LL\stm32yyxx_ll_i3c.c.o
LOAD C:\Users\tudor\AppData\Local\arduino\sketches\DED406463191E99DDFC8E813FE329E13\libraries\SrcWrapper\LL\stm32yyxx_ll_icache.c.o
LOAD C:\Users\tudor\AppData\Local\arduino\sketches\DED406463191E99DDFC8E813FE329E13\libraries\SrcWrapper\LL\stm32yyxx_ll_lpgpio.c.o
LOAD C:\Users\tudor\AppData\Local\arduino\sketches\DED406463191E99DDFC8E813FE329E13\libraries\SrcWrapper\LL\stm32yyxx_ll_lptim.c.o
LOAD C:\Users\tudor\AppData\Local\arduino\sketches\DED406463191E99DDFC8E813FE329E13\libraries\SrcWrapper\LL\stm32yyxx_ll_lpuart.c.o
LOAD C:\Users\tudor\AppData\Local\arduino\sketches\DED406463191E99DDFC8E813FE329E13\libraries\SrcWrapper\LL\stm32yyxx_ll_mdma.c.o
LOAD C:\Users\tudor\AppData\Local\arduino\sketches\DED406463191E99DDFC8E813FE329E13\libraries\SrcWrapper\LL\stm32yyxx_ll_opamp.c.o
LOAD C:\Users\tudor\AppData\Local\arduino\sketches\DED406463191E99DDFC8E813FE329E13\libraries\SrcWrapper\LL\stm32yyxx_ll_pka.c.o
LOAD C:\Users\tudor\AppData\Local\arduino\sketches\DED406463191E99DDFC8E813FE329E13\libraries\SrcWrapper\LL\stm32yyxx_ll_pwr.c.o
LOAD C:\Users\tudor\AppData\Local\arduino\sketches\DED406463191E99DDFC8E813FE329E13\libraries\SrcWrapper\LL\stm32yyxx_ll_rcc.c.o
LOAD C:\Users\tudor\AppData\Local\arduino\sketches\DED406463191E99DDFC8E813FE329E13\libraries\SrcWrapper\LL\stm32yyxx_ll_rng.c.o
LOAD C:\Users\tudor\AppData\Local\arduino\sketches\DED406463191E99DDFC8E813FE329E13\libraries\SrcWrapper\LL\stm32yyxx_ll_rtc.c.o
LOAD C:\Users\tudor\AppData\Local\arduino\sketches\DED406463191E99DDFC8E813FE329E13\libraries\SrcWrapper\LL\stm32yyxx_ll_sdmmc.c.o
LOAD C:\Users\tudor\AppData\Local\arduino\sketches\DED406463191E99DDFC8E813FE329E13\libraries\SrcWrapper\LL\stm32yyxx_ll_spi.c.o
LOAD C:\Users\tudor\AppData\Local\arduino\sketches\DED406463191E99DDFC8E813FE329E13\libraries\SrcWrapper\LL\stm32yyxx_ll_swpmi.c.o
LOAD C:\Users\tudor\AppData\Local\arduino\sketches\DED406463191E99DDFC8E813FE329E13\libraries\SrcWrapper\LL\stm32yyxx_ll_system.c.o
LOAD C:\Users\tudor\AppData\Local\arduino\sketches\DED406463191E99DDFC8E813FE329E13\libraries\SrcWrapper\LL\stm32yyxx_ll_tim.c.o
LOAD C:\Users\tudor\AppData\Local\arduino\sketches\DED406463191E99DDFC8E813FE329E13\libraries\SrcWrapper\LL\stm32yyxx_ll_ucpd.c.o
LOAD C:\Users\tudor\AppData\Local\arduino\sketches\DED406463191E99DDFC8E813FE329E13\libraries\SrcWrapper\LL\stm32yyxx_ll_usart.c.o
LOAD C:\Users\tudor\AppData\Local\arduino\sketches\DED406463191E99DDFC8E813FE329E13\libraries\SrcWrapper\LL\stm32yyxx_ll_usb.c.o
LOAD C:\Users\tudor\AppData\Local\arduino\sketches\DED406463191E99DDFC8E813FE329E13\libraries\SrcWrapper\LL\stm32yyxx_ll_utils.c.o
LOAD C:\Users\tudor\AppData\Local\arduino\sketches\DED406463191E99DDFC8E813FE329E13\libraries\SrcWrapper\new.cpp.o
LOAD C:\Users\tudor\AppData\Local\arduino\sketches\DED406463191E99DDFC8E813FE329E13\libraries\SrcWrapper\stm32\PortNames.c.o
LOAD C:\Users\tudor\AppData\Local\arduino\sketches\DED406463191E99DDFC8E813FE329E13\libraries\SrcWrapper\stm32\analog.cpp.o
LOAD C:\Users\tudor\AppData\Local\arduino\sketches\DED406463191E99DDFC8E813FE329E13\libraries\SrcWrapper\stm32\bootloader.c.o
LOAD C:\Users\tudor\AppData\Local\arduino\sketches\DED406463191E99DDFC8E813FE329E13\libraries\SrcWrapper\stm32\clock.c.o
LOAD C:\Users\tudor\AppData\Local\arduino\sketches\DED406463191E99DDFC8E813FE329E13\libraries\SrcWrapper\stm32\core_callback.c.o
LOAD C:\Users\tudor\AppData\Local\arduino\sketches\DED406463191E99DDFC8E813FE329E13\libraries\SrcWrapper\stm32\dwt.c.o
LOAD C:\Users\tudor\AppData\Local\arduino\sketches\DED406463191E99DDFC8E813FE329E13\libraries\SrcWrapper\stm32\hw_config.c.o
LOAD C:\Users\tudor\AppData\Local\arduino\sketches\DED406463191E99DDFC8E813FE329E13\libraries\SrcWrapper\stm32\interrupt.cpp.o
LOAD C:\Users\tudor\AppData\Local\arduino\sketches\DED406463191E99DDFC8E813FE329E13\libraries\SrcWrapper\stm32\otp.c.o
LOAD C:\Users\tudor\AppData\Local\arduino\sketches\DED406463191E99DDFC8E813FE329E13\libraries\SrcWrapper\stm32\pinmap.c.o
LOAD C:\Users\tudor\AppData\Local\arduino\sketches\DED406463191E99DDFC8E813FE329E13\libraries\SrcWrapper\stm32\stm32_def.c.o
LOAD C:\Users\tudor\AppData\Local\arduino\sketches\DED406463191E99DDFC8E813FE329E13\libraries\SrcWrapper\stm32\system_stm32yyxx.c.o
LOAD C:\Users\tudor\AppData\Local\arduino\sketches\DED406463191E99DDFC8E813FE329E13\libraries\SrcWrapper\stm32\timer.c.o
LOAD C:\Users\tudor\AppData\Local\arduino\sketches\DED406463191E99DDFC8E813FE329E13\libraries\SrcWrapper\stm32\uart.c.o
LOAD C:\Users\tudor\AppData\Local\arduino\sketches\DED406463191E99DDFC8E813FE329E13\libraries\SrcWrapper\syscalls.c.o
LOAD C:\Users\tudor\AppData\Local\arduino\sketches\DED406463191E99DDFC8E813FE329E13\core\PeripheralPins.c.o
LOAD C:\Users\tudor\AppData\Local\arduino\sketches\DED406463191E99DDFC8E813FE329E13\core\generic_clock.c.o
LOAD C:\Users\tudor\AppData\Local\arduino\sketches\DED406463191E99DDFC8E813FE329E13\core\variant_BLUEPILL_F103C6.cpp.o
LOAD C:\Users\tudor\AppData\Local\arduino\sketches\DED406463191E99DDFC8E813FE329E13\core\variant_generic.cpp.o
LOAD C:\Users\tudor\AppData\Local\arduino\cores\ad7ce2cedf845fbd2435460fc94e3620\core.a
LOAD C:/Users/tudor/AppData/Local/Arduino15/packages/STMicroelectronics/tools/xpack-arm-none-eabi-gcc/14.2.1-1.1/bin/../lib/gcc/arm-none-eabi/14.2.1/../../../../arm-none-eabi/lib/thumb/v7-m/nofp\libc_nano.a
END GROUP
LOAD C:/Users/tudor/AppData/Local/Arduino15/packages/STMicroelectronics/tools/xpack-arm-none-eabi-gcc/14.2.1-1.1/bin/../lib/gcc/arm-none-eabi/14.2.1/../../../../arm-none-eabi/lib/thumb/v7-m/nofp\libm.a
LOAD C:/Users/tudor/AppData/Local/Arduino15/packages/STMicroelectronics/tools/xpack-arm-none-eabi-gcc/14.2.1-1.1/bin/../lib/gcc/arm-none-eabi/14.2.1/thumb/v7-m/nofp\libgcc.a
LOAD C:/Users/tudor/AppData/Local/Arduino15/packages/STMicroelectronics/tools/xpack-arm-none-eabi-gcc/14.2.1-1.1/bin/../lib/gcc/arm-none-eabi/14.2.1/../../../../arm-none-eabi/lib/thumb/v7-m/nofp\libstdc++_nano.a
START GROUP
LOAD C:/Users/tudor/AppData/Local/Arduino15/packages/STMicroelectronics/tools/xpack-arm-none-eabi-gcc/14.2.1-1.1/bin/../lib/gcc/arm-none-eabi/14.2.1/thumb/v7-m/nofp\libgcc.a
LOAD C:/Users/tudor/AppData/Local/Arduino15/packages/STMicroelectronics/tools/xpack-arm-none-eabi-gcc/14.2.1-1.1/bin/../lib/gcc/arm-none-eabi/14.2.1/../../../../arm-none-eabi/lib/thumb/v7-m/nofp\libc_nano.a
END GROUP
START GROUP
LOAD C:/Users/tudor/AppData/Local/Arduino15/packages/STMicroelectronics/tools/xpack-arm-none-eabi-gcc/14.2.1-1.1/bin/../lib/gcc/arm-none-eabi/14.2.1/thumb/v7-m/nofp\libgcc.a
LOAD C:/Users/tudor/AppData/Local/Arduino15/packages/STMicroelectronics/tools/xpack-arm-none-eabi-gcc/14.2.1-1.1/bin/../lib/gcc/arm-none-eabi/14.2.1/../../../../arm-none-eabi/lib/thumb/v7-m/nofp\libc_nano.a
END GROUP
LOAD C:/Users/tudor/AppData/Local/Arduino15/packages/STMicroelectronics/tools/xpack-arm-none-eabi-gcc/14.2.1-1.1/bin/../lib/gcc/arm-none-eabi/14.2.1/thumb/v7-m/nofp/crtend.o
LOAD C:/Users/tudor/AppData/Local/Arduino15/packages/STMicroelectronics/tools/xpack-arm-none-eabi-gcc/14.2.1-1.1/bin/../lib/gcc/arm-none-eabi/14.2.1/thumb/v7-m/nofp/crtn.o
                0x20002800                        _estack = (ORIGIN (RAM) + LENGTH (RAM))
                0x00000200                        _Min_Heap_Size = 0x200
                0x00000400                        _Min_Stack_Size = 0x400

.isr_vector     0x08000000      0x10c
                0x08000000                        . = ALIGN (0x4)
 *(.isr_vector)
 .isr_vector    0x08000000      0x10c C:\Users\tudor\AppData\Local\arduino\cores\ad7ce2cedf845fbd2435460fc94e3620\core.a(startup_stm32yyxx.S.o)
                0x08000000                g_pfnVectors
                0x0800010c                        . = ALIGN (0x4)

.text           0x0800010c     0x2a08
                0x0800010c                        . = ALIGN (0x4)
 *(.text)
 *(.text*)
 .text.__do_global_dtors_aux
                0x0800010c       0x24 C:/Users/tudor/AppData/Local/Arduino15/packages/STMicroelectronics/tools/xpack-arm-none-eabi-gcc/14.2.1-1.1/bin/../lib/gcc/arm-none-eabi/14.2.1/thumb/v7-m/nofp/crtbegin.o
 .text.frame_dummy
                0x08000130       0x1c C:/Users/tudor/AppData/Local/Arduino15/packages/STMicroelectronics/tools/xpack-arm-none-eabi-gcc/14.2.1-1.1/bin/../lib/gcc/arm-none-eabi/14.2.1/thumb/v7-m/nofp/crtbegin.o
 .text._Z11moveForwardii
                0x0800014c       0x3a C:\Users\tudor\AppData\Local\arduino\sketches\DED406463191E99DDFC8E813FE329E13\sketch\line_follower.ino.cpp.o
                0x0800014c                moveForward(int, int)
 .text._Z8turnLefti
                0x08000186       0x38 C:\Users\tudor\AppData\Local\arduino\sketches\DED406463191E99DDFC8E813FE329E13\sketch\line_follower.ino.cpp.o
                0x08000186                turnLeft(int)
 .text._Z9turnRighti
                0x080001be       0x38 C:\Users\tudor\AppData\Local\arduino\sketches\DED406463191E99DDFC8E813FE329E13\sketch\line_follower.ino.cpp.o
                0x080001be                turnRight(int)
 .text._Z10stopMotorsv
                0x080001f6       0x36 C:\Users\tudor\AppData\Local\arduino\sketches\DED406463191E99DDFC8E813FE329E13\sketch\line_follower.ino.cpp.o
                0x080001f6                stopMotors()
 .text.setup    0x0800022c       0x68 C:\Users\tudor\AppData\Local\arduino\sketches\DED406463191E99DDFC8E813FE329E13\sketch\line_follower.ino.cpp.o
                0x0800022c                setup
 .text.loop     0x08000294       0xc6 C:\Users\tudor\AppData\Local\arduino\sketches\DED406463191E99DDFC8E813FE329E13\sketch\line_follower.ino.cpp.o
                0x08000294                loop
 .text.HAL_MspInit
                0x0800035a        0x2 C:\Users\tudor\AppData\Local\arduino\sketches\DED406463191E99DDFC8E813FE329E13\libraries\SrcWrapper\HAL\stm32yyxx_hal.c.o
                0x0800035a                HAL_MspInit
 .text.HAL_InitTick
                0x0800035c       0x48 C:\Users\tudor\AppData\Local\arduino\sketches\DED406463191E99DDFC8E813FE329E13\libraries\SrcWrapper\HAL\stm32yyxx_hal.c.o
                0x0800035c                HAL_InitTick
 .text.HAL_Init
                0x080003a4       0x24 C:\Users\tudor\AppData\Local\arduino\sketches\DED406463191E99DDFC8E813FE329E13\libraries\SrcWrapper\HAL\stm32yyxx_hal.c.o
                0x080003a4                HAL_Init
 .text.HAL_IncTick
                0x080003c8       0x18 C:\Users\tudor\AppData\Local\arduino\sketches\DED406463191E99DDFC8E813FE329E13\libraries\SrcWrapper\HAL\stm32yyxx_hal.c.o
                0x080003c8                HAL_IncTick
 .text.HAL_GetTick
                0x080003e0        0xc C:\Users\tudor\AppData\Local\arduino\sketches\DED406463191E99DDFC8E813FE329E13\libraries\SrcWrapper\HAL\stm32yyxx_hal.c.o
                0x080003e0                HAL_GetTick
 .text.HAL_NVIC_SetPriorityGrouping
                0x080003ec       0x24 C:\Users\tudor\AppData\Local\arduino\sketches\DED406463191E99DDFC8E813FE329E13\libraries\SrcWrapper\HAL\stm32yyxx_hal_cortex.c.o
                0x080003ec                HAL_NVIC_SetPriorityGrouping
 .text.HAL_NVIC_SetPriority
                0x08000410       0x60 C:\Users\tudor\AppData\Local\arduino\sketches\DED406463191E99DDFC8E813FE329E13\libraries\SrcWrapper\HAL\stm32yyxx_hal_cortex.c.o
                0x08000410                HAL_NVIC_SetPriority
 .text.HAL_NVIC_EnableIRQ
                0x08000470       0x1c C:\Users\tudor\AppData\Local\arduino\sketches\DED406463191E99DDFC8E813FE329E13\libraries\SrcWrapper\HAL\stm32yyxx_hal_cortex.c.o
                0x08000470                HAL_NVIC_EnableIRQ
 .text.HAL_SYSTICK_Config
                0x0800048c       0x28 C:\Users\tudor\AppData\Local\arduino\sketches\DED406463191E99DDFC8E813FE329E13\libraries\SrcWrapper\HAL\stm32yyxx_hal_cortex.c.o
                0x0800048c                HAL_SYSTICK_Config
 .text.HAL_SYSTICK_Callback
                0x080004b4        0x2 C:\Users\tudor\AppData\Local\arduino\sketches\DED406463191E99DDFC8E813FE329E13\libraries\SrcWrapper\HAL\stm32yyxx_hal_cortex.c.o
                0x080004b4                HAL_SYSTICK_Callback
 .text.HAL_SYSTICK_IRQHandler
                0x080004b6        0x8 C:\Users\tudor\AppData\Local\arduino\sketches\DED406463191E99DDFC8E813FE329E13\libraries\SrcWrapper\HAL\stm32yyxx_hal_cortex.c.o
                0x080004b6                HAL_SYSTICK_IRQHandler
 .text.HAL_CRC_MspInit
                0x080004be        0x2 C:\Users\tudor\AppData\Local\arduino\sketches\DED406463191E99DDFC8E813FE329E13\libraries\SrcWrapper\HAL\stm32yyxx_hal_crc.c.o
                0x080004be                HAL_CRC_MspInit
 .text.HAL_CRC_Init
                0x080004c0       0x20 C:\Users\tudor\AppData\Local\arduino\sketches\DED406463191E99DDFC8E813FE329E13\libraries\SrcWrapper\HAL\stm32yyxx_hal_crc.c.o
                0x080004c0                HAL_CRC_Init
 .text.HAL_GPIO_EXTI_IRQHandler
                0x080004e0       0x18 C:\Users\tudor\AppData\Local\arduino\sketches\DED406463191E99DDFC8E813FE329E13\libraries\SrcWrapper\HAL\stm32yyxx_hal_gpio.c.o
                0x080004e0                HAL_GPIO_EXTI_IRQHandler
 .text.HAL_RCC_OscConfig
                0x080004f8      0x338 C:\Users\tudor\AppData\Local\arduino\sketches\DED406463191E99DDFC8E813FE329E13\libraries\SrcWrapper\HAL\stm32yyxx_hal_rcc.c.o
                0x080004f8                HAL_RCC_OscConfig
 .text.HAL_RCC_GetSysClockFreq
                0x08000830       0x4c C:\Users\tudor\AppData\Local\arduino\sketches\DED406463191E99DDFC8E813FE329E13\libraries\SrcWrapper\HAL\stm32yyxx_hal_rcc.c.o
                0x08000830                HAL_RCC_GetSysClockFreq
 .text.HAL_RCC_ClockConfig
                0x0800087c      0x138 C:\Users\tudor\AppData\Local\arduino\sketches\DED406463191E99DDFC8E813FE329E13\libraries\SrcWrapper\HAL\stm32yyxx_hal_rcc.c.o
                0x0800087c                HAL_RCC_ClockConfig
 .text.HAL_RCC_GetPCLK1Freq
                0x080009b4       0x20 C:\Users\tudor\AppData\Local\arduino\sketches\DED406463191E99DDFC8E813FE329E13\libraries\SrcWrapper\HAL\stm32yyxx_hal_rcc.c.o
                0x080009b4                HAL_RCC_GetPCLK1Freq
 .text.HAL_RCC_GetPCLK2Freq
                0x080009d4       0x20 C:\Users\tudor\AppData\Local\arduino\sketches\DED406463191E99DDFC8E813FE329E13\libraries\SrcWrapper\HAL\stm32yyxx_hal_rcc.c.o
                0x080009d4                HAL_RCC_GetPCLK2Freq
 .text.HAL_RCC_GetClockConfig
                0x080009f4       0x3c C:\Users\tudor\AppData\Local\arduino\sketches\DED406463191E99DDFC8E813FE329E13\libraries\SrcWrapper\HAL\stm32yyxx_hal_rcc.c.o
                0x080009f4                HAL_RCC_GetClockConfig
 .text.HAL_RCCEx_PeriphCLKConfig
                0x08000a30       0xf4 C:\Users\tudor\AppData\Local\arduino\sketches\DED406463191E99DDFC8E813FE329E13\libraries\SrcWrapper\HAL\stm32yyxx_hal_rcc_ex.c.o
                0x08000a30                HAL_RCCEx_PeriphCLKConfig
 .text.TIM_OC1_SetConfig
                0x08000b24       0x50 C:\Users\tudor\AppData\Local\arduino\sketches\DED406463191E99DDFC8E813FE329E13\libraries\SrcWrapper\HAL\stm32yyxx_hal_tim.c.o
 .text.TIM_OC3_SetConfig
                0x08000b74       0x54 C:\Users\tudor\AppData\Local\arduino\sketches\DED406463191E99DDFC8E813FE329E13\libraries\SrcWrapper\HAL\stm32yyxx_hal_tim.c.o
 .text.TIM_OC4_SetConfig
                0x08000bc8       0x44 C:\Users\tudor\AppData\Local\arduino\sketches\DED406463191E99DDFC8E813FE329E13\libraries\SrcWrapper\HAL\stm32yyxx_hal_tim.c.o
 .text.HAL_TIM_Base_Start
                0x08000c0c       0x44 C:\Users\tudor\AppData\Local\arduino\sketches\DED406463191E99DDFC8E813FE329E13\libraries\SrcWrapper\HAL\stm32yyxx_hal_tim.c.o
                0x08000c0c                HAL_TIM_Base_Start
 .text.HAL_TIM_GenerateEvent
                0x08000c50       0x24 C:\Users\tudor\AppData\Local\arduino\sketches\DED406463191E99DDFC8E813FE329E13\libraries\SrcWrapper\HAL\stm32yyxx_hal_tim.c.o
                0x08000c50                HAL_TIM_GenerateEvent
 .text.HAL_TIM_PWM_PulseFinishedCallback
                0x08000c74        0x2 C:\Users\tudor\AppData\Local\arduino\sketches\DED406463191E99DDFC8E813FE329E13\libraries\SrcWrapper\HAL\stm32yyxx_hal_tim.c.o
                0x08000c74                HAL_TIM_PWM_PulseFinishedCallback
 .text.HAL_TIM_TriggerCallback
                0x08000c76        0x2 C:\Users\tudor\AppData\Local\arduino\sketches\DED406463191E99DDFC8E813FE329E13\libraries\SrcWrapper\HAL\stm32yyxx_hal_tim.c.o
                0x08000c76                HAL_TIM_TriggerCallback
 .text.HAL_TIM_IRQHandler
                0x08000c78      0x128 C:\Users\tudor\AppData\Local\arduino\sketches\DED406463191E99DDFC8E813FE329E13\libraries\SrcWrapper\HAL\stm32yyxx_hal_tim.c.o
                0x08000c78                HAL_TIM_IRQHandler
 .text.TIM_Base_SetConfig
                0x08000da0       0x5c C:\Users\tudor\AppData\Local\arduino\sketches\DED406463191E99DDFC8E813FE329E13\libraries\SrcWrapper\HAL\stm32yyxx_hal_tim.c.o
                0x08000da0                TIM_Base_SetConfig
 .text.HAL_TIM_Base_Init
                0x08000dfc       0x58 C:\Users\tudor\AppData\Local\arduino\sketches\DED406463191E99DDFC8E813FE329E13\libraries\SrcWrapper\HAL\stm32yyxx_hal_tim.c.o
                0x08000dfc                HAL_TIM_Base_Init
 .text.TIM_OC2_SetConfig
                0x08000e54       0x58 C:\Users\tudor\AppData\Local\arduino\sketches\DED406463191E99DDFC8E813FE329E13\libraries\SrcWrapper\HAL\stm32yyxx_hal_tim.c.o
                0x08000e54                TIM_OC2_SetConfig
 .text.HAL_TIM_OC_ConfigChannel
                0x08000eac       0x4c C:\Users\tudor\AppData\Local\arduino\sketches\DED406463191E99DDFC8E813FE329E13\libraries\SrcWrapper\HAL\stm32yyxx_hal_tim.c.o
                0x08000eac                HAL_TIM_OC_ConfigChannel
 .text.HAL_TIM_PWM_ConfigChannel
                0x08000ef8       0xb0 C:\Users\tudor\AppData\Local\arduino\sketches\DED406463191E99DDFC8E813FE329E13\libraries\SrcWrapper\HAL\stm32yyxx_hal_tim.c.o
                0x08000ef8                HAL_TIM_PWM_ConfigChannel
 .text.TIM_TI1_SetConfig
                0x08000fa8       0x48 C:\Users\tudor\AppData\Local\arduino\sketches\DED406463191E99DDFC8E813FE329E13\libraries\SrcWrapper\HAL\stm32yyxx_hal_tim.c.o
                0x08000fa8                TIM_TI1_SetConfig
 .text.HAL_TIM_IC_ConfigChannel
                0x08000ff0      0x116 C:\Users\tudor\AppData\Local\arduino\sketches\DED406463191E99DDFC8E813FE329E13\libraries\SrcWrapper\HAL\stm32yyxx_hal_tim.c.o
                0x08000ff0                HAL_TIM_IC_ConfigChannel
 .text.TIM_CCxChannelCmd
                0x08001106       0x1c C:\Users\tudor\AppData\Local\arduino\sketches\DED406463191E99DDFC8E813FE329E13\libraries\SrcWrapper\HAL\stm32yyxx_hal_tim.c.o
                0x08001106                TIM_CCxChannelCmd
 *fill*         0x08001122        0x2 
 .text.HAL_TIM_OC_Start
                0x08001124       0x94 C:\Users\tudor\AppData\Local\arduino\sketches\DED406463191E99DDFC8E813FE329E13\libraries\SrcWrapper\HAL\stm32yyxx_hal_tim.c.o
                0x08001124                HAL_TIM_OC_Start
 .text.HAL_TIM_PWM_Start
                0x080011b8        0x4 C:\Users\tudor\AppData\Local\arduino\sketches\DED406463191E99DDFC8E813FE329E13\libraries\SrcWrapper\HAL\stm32yyxx_hal_tim.c.o
                0x080011b8                HAL_TIM_PWM_Start
 .text.HAL_TIM_IC_Start
                0x080011bc       0xb4 C:\Users\tudor\AppData\Local\arduino\sketches\DED406463191E99DDFC8E813FE329E13\libraries\SrcWrapper\HAL\stm32yyxx_hal_tim.c.o
                0x080011bc                HAL_TIM_IC_Start
 .text.TIM_CCxNChannelCmd
                0x08001270       0x1c C:\Users\tudor\AppData\Local\arduino\sketches\DED406463191E99DDFC8E813FE329E13\libraries\SrcWrapper\HAL\stm32yyxx_hal_tim_ex.c.o
 .text.HAL_TIMEx_OCN_Start
                0x0800128c       0x8c C:\Users\tudor\AppData\Local\arduino\sketches\DED406463191E99DDFC8E813FE329E13\libraries\SrcWrapper\HAL\stm32yyxx_hal_tim_ex.c.o
                0x0800128c                HAL_TIMEx_OCN_Start
 .text.HAL_TIMEx_PWMN_Start
                0x08001318        0x4 C:\Users\tudor\AppData\Local\arduino\sketches\DED406463191E99DDFC8E813FE329E13\libraries\SrcWrapper\HAL\stm32yyxx_hal_tim_ex.c.o
                0x08001318                HAL_TIMEx_PWMN_Start
 .text.HAL_TIMEx_CommutCallback
                0x0800131c        0x2 C:\Users\tudor\AppData\Local\arduino\sketches\DED406463191E99DDFC8E813FE329E13\libraries\SrcWrapper\HAL\stm32yyxx_hal_tim_ex.c.o
                0x0800131c                HAL_TIMEx_CommutCallback
 .text.HAL_TIMEx_BreakCallback
                0x0800131e        0x2 C:\Users\tudor\AppData\Local\arduino\sketches\DED406463191E99DDFC8E813FE329E13\libraries\SrcWrapper\HAL\stm32yyxx_hal_tim_ex.c.o
                0x0800131e                HAL_TIMEx_BreakCallback
 .text._ZNSt8functionIFvvEEaSEDn.isra.0
                0x08001320       0x16 C:\Users\tudor\AppData\Local\arduino\sketches\DED406463191E99DDFC8E813FE329E13\libraries\SrcWrapper\HardwareTimer.cpp.o
 .text._ZNSt14_Function_baseD2Ev
                0x08001336       0x12 C:\Users\tudor\AppData\Local\arduino\sketches\DED406463191E99DDFC8E813FE329E13\libraries\SrcWrapper\HardwareTimer.cpp.o
                0x08001336                std::_Function_base::~_Function_base()
                0x08001336                std::_Function_base::~_Function_base()
 .text._ZN13HardwareTimer10getChannelEm
                0x08001348        0xe C:\Users\tudor\AppData\Local\arduino\sketches\DED406463191E99DDFC8E813FE329E13\libraries\SrcWrapper\HardwareTimer.cpp.o
                0x08001348                HardwareTimer::getChannel(unsigned long)
 *fill*         0x08001356        0x2 
 .text._ZN13HardwareTimer12getLLChannelEm
                0x08001358       0x44 C:\Users\tudor\AppData\Local\arduino\sketches\DED406463191E99DDFC8E813FE329E13\libraries\SrcWrapper\HardwareTimer.cpp.o
                0x08001358                HardwareTimer::getLLChannel(unsigned long)
 .text._ZN13HardwareTimer5getITEm
                0x0800139c       0x14 C:\Users\tudor\AppData\Local\arduino\sketches\DED406463191E99DDFC8E813FE329E13\libraries\SrcWrapper\HardwareTimer.cpp.o
                0x0800139c                HardwareTimer::getIT(unsigned long)
 .text._ZN13HardwareTimer20getAssociatedChannelEm
                0x080013b0       0x14 C:\Users\tudor\AppData\Local\arduino\sketches\DED406463191E99DDFC8E813FE329E13\libraries\SrcWrapper\HardwareTimer.cpp.o
                0x080013b0                HardwareTimer::getAssociatedChannel(unsigned long)
 .text._ZN13HardwareTimer13resumeChannelEm
                0x080013c4       0xf6 C:\Users\tudor\AppData\Local\arduino\sketches\DED406463191E99DDFC8E813FE329E13\libraries\SrcWrapper\HardwareTimer.cpp.o
                0x080013c4                HardwareTimer::resumeChannel(unsigned long)
 .text._ZN13HardwareTimer6resumeEv
                0x080014ba       0x4c C:\Users\tudor\AppData\Local\arduino\sketches\DED406463191E99DDFC8E813FE329E13\libraries\SrcWrapper\HardwareTimer.cpp.o
                0x080014ba                HardwareTimer::resume()
 *fill*         0x08001506        0x2 
 .text._ZN13HardwareTimer7setModeEm12TimerModes_t7PinName20ChannelInputFilter_t
                0x08001508      0x168 C:\Users\tudor\AppData\Local\arduino\sketches\DED406463191E99DDFC8E813FE329E13\libraries\SrcWrapper\HardwareTimer.cpp.o
                0x08001508                HardwareTimer::setMode(unsigned long, TimerModes_t, PinName, ChannelInputFilter_t)
 .text._ZN13HardwareTimer7getModeEm
                0x08001670       0x10 C:\Users\tudor\AppData\Local\arduino\sketches\DED406463191E99DDFC8E813FE329E13\libraries\SrcWrapper\HardwareTimer.cpp.o
                0x08001670                HardwareTimer::getMode(unsigned long)
 .text._ZN13HardwareTimer7refreshEv
                0x08001680        0x8 C:\Users\tudor\AppData\Local\arduino\sketches\DED406463191E99DDFC8E813FE329E13\libraries\SrcWrapper\HardwareTimer.cpp.o
                0x08001680                HardwareTimer::refresh()
 .text._ZN13HardwareTimer9isRunningEv
                0x08001688        0xa C:\Users\tudor\AppData\Local\arduino\sketches\DED406463191E99DDFC8E813FE329E13\libraries\SrcWrapper\HardwareTimer.cpp.o
                0x08001688                HardwareTimer::isRunning()
 .text._ZN13HardwareTimer27updateRegistersIfNotRunningEP11TIM_TypeDef
                0x08001692       0x3a C:\Users\tudor\AppData\Local\arduino\sketches\DED406463191E99DDFC8E813FE329E13\libraries\SrcWrapper\HardwareTimer.cpp.o
                0x08001692                HardwareTimer::updateRegistersIfNotRunning(TIM_TypeDef*)
 .text._Z15get_timer_indexP11TIM_TypeDef
                0x080016cc       0x28 C:\Users\tudor\AppData\Local\arduino\sketches\DED406463191E99DDFC8E813FE329E13\libraries\SrcWrapper\HardwareTimer.cpp.o
                0x080016cc                get_timer_index(TIM_TypeDef*)
 .text._ZN13HardwareTimerD2Ev
                0x080016f4       0x40 C:\Users\tudor\AppData\Local\arduino\sketches\DED406463191E99DDFC8E813FE329E13\libraries\SrcWrapper\HardwareTimer.cpp.o
                0x080016f4                HardwareTimer::~HardwareTimer()
                0x080016f4                HardwareTimer::~HardwareTimer()
 .text._ZN13HardwareTimer5setupEP11TIM_TypeDef
                0x08001734       0x84 C:\Users\tudor\AppData\Local\arduino\sketches\DED406463191E99DDFC8E813FE329E13\libraries\SrcWrapper\HardwareTimer.cpp.o
                0x08001734                HardwareTimer::setup(TIM_TypeDef*)
 .text._ZN13HardwareTimer15getTimerClkFreqEv
                0x080017b8       0x58 C:\Users\tudor\AppData\Local\arduino\sketches\DED406463191E99DDFC8E813FE329E13\libraries\SrcWrapper\HardwareTimer.cpp.o
                0x080017b8                HardwareTimer::getTimerClkFreq()
 .text._ZN13HardwareTimer11setOverflowEm13TimerFormat_t
                0x08001810       0x4c C:\Users\tudor\AppData\Local\arduino\sketches\DED406463191E99DDFC8E813FE329E13\libraries\SrcWrapper\HardwareTimer.cpp.o
                0x08001810                HardwareTimer::setOverflow(unsigned long, TimerFormat_t)
 .text._ZN13HardwareTimer17setCaptureCompareEmm20TimerCompareFormat_t
                0x0800185c       0x9c C:\Users\tudor\AppData\Local\arduino\sketches\DED406463191E99DDFC8E813FE329E13\libraries\SrcWrapper\HardwareTimer.cpp.o
                0x0800185c                HardwareTimer::setCaptureCompare(unsigned long, unsigned long, TimerCompareFormat_t)
 .text.TIM1_UP_IRQHandler
                0x080018f8       0x14 C:\Users\tudor\AppData\Local\arduino\sketches\DED406463191E99DDFC8E813FE329E13\libraries\SrcWrapper\HardwareTimer.cpp.o
                0x080018f8                TIM1_UP_IRQHandler
 .text.TIM1_CC_IRQHandler
                0x0800190c        0x4 C:\Users\tudor\AppData\Local\arduino\sketches\DED406463191E99DDFC8E813FE329E13\libraries\SrcWrapper\HardwareTimer.cpp.o
                0x0800190c                TIM1_CC_IRQHandler
 .text.TIM2_IRQHandler
                0x08001910       0x14 C:\Users\tudor\AppData\Local\arduino\sketches\DED406463191E99DDFC8E813FE329E13\libraries\SrcWrapper\HardwareTimer.cpp.o
                0x08001910                TIM2_IRQHandler
 .text.TIM3_IRQHandler
                0x08001924       0x14 C:\Users\tudor\AppData\Local\arduino\sketches\DED406463191E99DDFC8E813FE329E13\libraries\SrcWrapper\HardwareTimer.cpp.o
                0x08001924                TIM3_IRQHandler
 .text._ZNSt8functionIFvvEEC2Ev
                0x08001938        0xc C:\Users\tudor\AppData\Local\arduino\sketches\DED406463191E99DDFC8E813FE329E13\libraries\SrcWrapper\HardwareTimer.cpp.o
                0x08001938                std::function<void ()>::function()
                0x08001938                std::function<void ()>::function()
 .text._ZN13HardwareTimerC2EP11TIM_TypeDef
                0x08001944       0x2a C:\Users\tudor\AppData\Local\arduino\sketches\DED406463191E99DDFC8E813FE329E13\libraries\SrcWrapper\HardwareTimer.cpp.o
                0x08001944                HardwareTimer::HardwareTimer(TIM_TypeDef*)
                0x08001944                HardwareTimer::HardwareTimer(TIM_TypeDef*)
 .text._ZNKSt8functionIFvvEEclEv
                0x0800196e       0x12 C:\Users\tudor\AppData\Local\arduino\sketches\DED406463191E99DDFC8E813FE329E13\libraries\SrcWrapper\HardwareTimer.cpp.o
                0x0800196e                std::function<void ()>::operator()() const
 .text._ZN13HardwareTimer14updateCallbackEP17TIM_HandleTypeDef
                0x08001980       0x18 C:\Users\tudor\AppData\Local\arduino\sketches\DED406463191E99DDFC8E813FE329E13\libraries\SrcWrapper\HardwareTimer.cpp.o
                0x08001980                HardwareTimer::updateCallback(TIM_HandleTypeDef*)
 .text.HAL_TIM_PeriodElapsedCallback
                0x08001998        0x4 C:\Users\tudor\AppData\Local\arduino\sketches\DED406463191E99DDFC8E813FE329E13\libraries\SrcWrapper\HardwareTimer.cpp.o
                0x08001998                HAL_TIM_PeriodElapsedCallback
 .text._ZN13HardwareTimer22captureCompareCallbackEP17TIM_HandleTypeDef
                0x0800199c       0x3e C:\Users\tudor\AppData\Local\arduino\sketches\DED406463191E99DDFC8E813FE329E13\libraries\SrcWrapper\HardwareTimer.cpp.o
                0x0800199c                HardwareTimer::captureCompareCallback(TIM_HandleTypeDef*)
 .text.HAL_TIM_OC_DelayElapsedCallback
                0x080019da        0x4 C:\Users\tudor\AppData\Local\arduino\sketches\DED406463191E99DDFC8E813FE329E13\libraries\SrcWrapper\HardwareTimer.cpp.o
                0x080019da                HAL_TIM_OC_DelayElapsedCallback
 .text.HAL_TIM_IC_CaptureCallback
                0x080019de        0x4 C:\Users\tudor\AppData\Local\arduino\sketches\DED406463191E99DDFC8E813FE329E13\libraries\SrcWrapper\HardwareTimer.cpp.o
                0x080019de                HAL_TIM_IC_CaptureCallback
 .text._Znwj    0x080019e2        0x4 C:\Users\tudor\AppData\Local\arduino\sketches\DED406463191E99DDFC8E813FE329E13\libraries\SrcWrapper\new.cpp.o
                0x080019e2                operator new(unsigned int)
 .text._ZdlPvj  0x080019e6        0x4 C:\Users\tudor\AppData\Local\arduino\sketches\DED406463191E99DDFC8E813FE329E13\libraries\SrcWrapper\new.cpp.o
                0x080019e6                operator delete(void*, unsigned int)
 *fill*         0x080019ea        0x2 
 .text.set_GPIO_Port_Clock
                0x080019ec       0x88 C:\Users\tudor\AppData\Local\arduino\sketches\DED406463191E99DDFC8E813FE329E13\libraries\SrcWrapper\stm32\PortNames.c.o
                0x080019ec                set_GPIO_Port_Clock
 .text.pwm_start
                0x08001a74       0xa0 C:\Users\tudor\AppData\Local\arduino\sketches\DED406463191E99DDFC8E813FE329E13\libraries\SrcWrapper\stm32\analog.cpp.o
                0x08001a74                pwm_start
 .text.pwm_stop
                0x08001b14       0x58 C:\Users\tudor\AppData\Local\arduino\sketches\DED406463191E99DDFC8E813FE329E13\libraries\SrcWrapper\stm32\analog.cpp.o
                0x08001b14                pwm_stop
 .text.getCurrentMillis
                0x08001b6c        0x4 C:\Users\tudor\AppData\Local\arduino\sketches\DED406463191E99DDFC8E813FE329E13\libraries\SrcWrapper\stm32\clock.c.o
                0x08001b6c                getCurrentMillis
 .text.noOsSystickHandler
                0x08001b70        0x2 C:\Users\tudor\AppData\Local\arduino\sketches\DED406463191E99DDFC8E813FE329E13\libraries\SrcWrapper\stm32\clock.c.o
                0x08001b70                osSystickHandler
                0x08001b70                noOsSystickHandler
 .text.SysTick_Handler
                0x08001b72       0x10 C:\Users\tudor\AppData\Local\arduino\sketches\DED406463191E99DDFC8E813FE329E13\libraries\SrcWrapper\stm32\clock.c.o
                0x08001b72                SysTick_Handler
 .text.configHSECapacitorTuning
                0x08001b82        0x2 C:\Users\tudor\AppData\Local\arduino\sketches\DED406463191E99DDFC8E813FE329E13\libraries\SrcWrapper\stm32\clock.c.o
                0x08001b82                configHSECapacitorTuning
 .text.configIPClock
                0x08001b84       0x44 C:\Users\tudor\AppData\Local\arduino\sketches\DED406463191E99DDFC8E813FE329E13\libraries\SrcWrapper\stm32\clock.c.o
                0x08001b84                configIPClock
 .text.dwt_init
                0x08001bc8       0x3c C:\Users\tudor\AppData\Local\arduino\sketches\DED406463191E99DDFC8E813FE329E13\libraries\SrcWrapper\stm32\dwt.c.o
                0x08001bc8                dwt_init
 .text.hw_config_init
                0x08001c04       0x24 C:\Users\tudor\AppData\Local\arduino\sketches\DED406463191E99DDFC8E813FE329E13\libraries\SrcWrapper\stm32\hw_config.c.o
                0x08001c04                hw_config_init
 .text.startup._ZNSt8functionIFvvEEC2EDn.constprop.0.isra.0
                0x08001c28        0xc C:\Users\tudor\AppData\Local\arduino\sketches\DED406463191E99DDFC8E813FE329E13\libraries\SrcWrapper\stm32\interrupt.cpp.o
 .text.HAL_GPIO_EXTI_Callback
                0x08001c34       0x2c C:\Users\tudor\AppData\Local\arduino\sketches\DED406463191E99DDFC8E813FE329E13\libraries\SrcWrapper\stm32\interrupt.cpp.o
                0x08001c34                HAL_GPIO_EXTI_Callback
 .text.EXTI0_IRQHandler
                0x08001c60        0x6 C:\Users\tudor\AppData\Local\arduino\sketches\DED406463191E99DDFC8E813FE329E13\libraries\SrcWrapper\stm32\interrupt.cpp.o
                0x08001c60                EXTI0_IRQHandler
 .text.EXTI1_IRQHandler
                0x08001c66        0x6 C:\Users\tudor\AppData\Local\arduino\sketches\DED406463191E99DDFC8E813FE329E13\libraries\SrcWrapper\stm32\interrupt.cpp.o
                0x08001c66                EXTI1_IRQHandler
 .text.EXTI2_IRQHandler
                0x08001c6c        0x6 C:\Users\tudor\AppData\Local\arduino\sketches\DED406463191E99DDFC8E813FE329E13\libraries\SrcWrapper\stm32\interrupt.cpp.o
                0x08001c6c                EXTI2_IRQHandler
 .text.EXTI3_IRQHandler
                0x08001c72        0x6 C:\Users\tudor\AppData\Local\arduino\sketches\DED406463191E99DDFC8E813FE329E13\libraries\SrcWrapper\stm32\interrupt.cpp.o
                0x08001c72                EXTI3_IRQHandler
 .text.EXTI4_IRQHandler
                0x08001c78        0x6 C:\Users\tudor\AppData\Local\arduino\sketches\DED406463191E99DDFC8E813FE329E13\libraries\SrcWrapper\stm32\interrupt.cpp.o
                0x08001c78                EXTI4_IRQHandler
 .text.EXTI9_5_IRQHandler
                0x08001c7e       0x28 C:\Users\tudor\AppData\Local\arduino\sketches\DED406463191E99DDFC8E813FE329E13\libraries\SrcWrapper\stm32\interrupt.cpp.o
                0x08001c7e                EXTI9_5_IRQHandler
 .text.EXTI15_10_IRQHandler
                0x08001ca6       0x18 C:\Users\tudor\AppData\Local\arduino\sketches\DED406463191E99DDFC8E813FE329E13\libraries\SrcWrapper\stm32\interrupt.cpp.o
                0x08001ca6                EXTI15_10_IRQHandler
 *fill*         0x08001cbe        0x2 
 .text.startup._GLOBAL__sub_I__Z22stm32_interrupt_enable7PinNameSt8functionIFvvEEm
                0x08001cc0       0xd8 C:\Users\tudor\AppData\Local\arduino\sketches\DED406463191E99DDFC8E813FE329E13\libraries\SrcWrapper\stm32\interrupt.cpp.o
 .text.exit._GLOBAL__sub_D__Z22stm32_interrupt_enable7PinNameSt8functionIFvvEEm
                0x08001d98       0x1c C:\Users\tudor\AppData\Local\arduino\sketches\DED406463191E99DDFC8E813FE329E13\libraries\SrcWrapper\stm32\interrupt.cpp.o
 .text.pin_SetF1AFPin
                0x08001db4      0x190 C:\Users\tudor\AppData\Local\arduino\sketches\DED406463191E99DDFC8E813FE329E13\libraries\SrcWrapper\stm32\pinmap.c.o
 .text.LL_GPIO_SetPinMode
                0x08001f44       0x2c C:\Users\tudor\AppData\Local\arduino\sketches\DED406463191E99DDFC8E813FE329E13\libraries\SrcWrapper\stm32\pinmap.c.o
 .text.LL_GPIO_SetPinOutputType
                0x08001f70       0x2c C:\Users\tudor\AppData\Local\arduino\sketches\DED406463191E99DDFC8E813FE329E13\libraries\SrcWrapper\stm32\pinmap.c.o
 .text.pin_in_pinmap
                0x08001f9c       0x1e C:\Users\tudor\AppData\Local\arduino\sketches\DED406463191E99DDFC8E813FE329E13\libraries\SrcWrapper\stm32\pinmap.c.o
                0x08001f9c                pin_in_pinmap
 *fill*         0x08001fba        0x2 
 .text.pin_function
                0x08001fbc      0x180 C:\Users\tudor\AppData\Local\arduino\sketches\DED406463191E99DDFC8E813FE329E13\libraries\SrcWrapper\stm32\pinmap.c.o
                0x08001fbc                pin_function
 .text.pinmap_pinout
                0x0800213c       0x1a C:\Users\tudor\AppData\Local\arduino\sketches\DED406463191E99DDFC8E813FE329E13\libraries\SrcWrapper\stm32\pinmap.c.o
                0x0800213c                pinmap_pinout
 .text.pinmap_find_peripheral
                0x08002156       0x16 C:\Users\tudor\AppData\Local\arduino\sketches\DED406463191E99DDFC8E813FE329E13\libraries\SrcWrapper\stm32\pinmap.c.o
                0x08002156                pinmap_find_peripheral
 .text.pinmap_peripheral
                0x0800216c        0xc C:\Users\tudor\AppData\Local\arduino\sketches\DED406463191E99DDFC8E813FE329E13\libraries\SrcWrapper\stm32\pinmap.c.o
                0x0800216c                pinmap_peripheral
 .text.pinmap_find_function
                0x08002178       0x16 C:\Users\tudor\AppData\Local\arduino\sketches\DED406463191E99DDFC8E813FE329E13\libraries\SrcWrapper\stm32\pinmap.c.o
                0x08002178                pinmap_find_function
 .text.pinmap_function
                0x0800218e        0xa C:\Users\tudor\AppData\Local\arduino\sketches\DED406463191E99DDFC8E813FE329E13\libraries\SrcWrapper\stm32\pinmap.c.o
                0x0800218e                pinmap_function
 .text.SystemInit
                0x08002198       0x4c C:\Users\tudor\AppData\Local\arduino\sketches\DED406463191E99DDFC8E813FE329E13\libraries\SrcWrapper\stm32\system_stm32yyxx.c.o
                0x08002198                SystemInit
 .text.get_timer_obj
                0x080021e4        0x4 C:\Users\tudor\AppData\Local\arduino\sketches\DED406463191E99DDFC8E813FE329E13\libraries\SrcWrapper\stm32\timer.c.o
                0x080021e4                get_timer_obj
 .text.enableTimerClock
                0x080021e8       0x68 C:\Users\tudor\AppData\Local\arduino\sketches\DED406463191E99DDFC8E813FE329E13\libraries\SrcWrapper\stm32\timer.c.o
                0x080021e8                enableTimerClock
 .text.disableTimerClock
                0x08002250       0x48 C:\Users\tudor\AppData\Local\arduino\sketches\DED406463191E99DDFC8E813FE329E13\libraries\SrcWrapper\stm32\timer.c.o
                0x08002250                disableTimerClock
 .text.getTimerUpIrq
                0x08002298       0x30 C:\Users\tudor\AppData\Local\arduino\sketches\DED406463191E99DDFC8E813FE329E13\libraries\SrcWrapper\stm32\timer.c.o
                0x08002298                getTimerUpIrq
 .text.getTimerCCIrq
                0x080022c8       0x30 C:\Users\tudor\AppData\Local\arduino\sketches\DED406463191E99DDFC8E813FE329E13\libraries\SrcWrapper\stm32\timer.c.o
                0x080022c8                getTimerCCIrq
 .text.HAL_TIM_Base_MspInit
                0x080022f8       0x4e C:\Users\tudor\AppData\Local\arduino\sketches\DED406463191E99DDFC8E813FE329E13\libraries\SrcWrapper\stm32\timer.c.o
                0x080022f8                HAL_TIM_Base_MspInit
 *fill*         0x08002346        0x2 
 .text.getTimerClkSrc
                0x08002348       0x2c C:\Users\tudor\AppData\Local\arduino\sketches\DED406463191E99DDFC8E813FE329E13\libraries\SrcWrapper\stm32\timer.c.o
                0x08002348                getTimerClkSrc
 .text.getTimerChannel
                0x08002374       0x20 C:\Users\tudor\AppData\Local\arduino\sketches\DED406463191E99DDFC8E813FE329E13\libraries\SrcWrapper\stm32\timer.c.o
                0x08002374                getTimerChannel
 .text._sbrk    0x08002394       0x3c C:\Users\tudor\AppData\Local\arduino\sketches\DED406463191E99DDFC8E813FE329E13\libraries\SrcWrapper\syscalls.c.o
                0x08002394                _sbrk
 .text._exit    0x080023d0        0x2 C:\Users\tudor\AppData\Local\arduino\sketches\DED406463191E99DDFC8E813FE329E13\libraries\SrcWrapper\syscalls.c.o
                0x080023d0                _exit
 *fill*         0x080023d2        0x2 
 .text._kill    0x080023d4       0x10 C:\Users\tudor\AppData\Local\arduino\sketches\DED406463191E99DDFC8E813FE329E13\libraries\SrcWrapper\syscalls.c.o
                0x080023d4                _kill
 .text._getpid  0x080023e4        0x4 C:\Users\tudor\AppData\Local\arduino\sketches\DED406463191E99DDFC8E813FE329E13\libraries\SrcWrapper\syscalls.c.o
                0x080023e4                _getpid
 .text.SystemClock_Config
                0x080023e8       0x7c C:\Users\tudor\AppData\Local\arduino\sketches\DED406463191E99DDFC8E813FE329E13\core\variant_BLUEPILL_F103C6.cpp.o
                0x080023e8                SystemClock_Config
 .text.startup._Z7premainv
                0x08002464       0x10 C:\Users\tudor\AppData\Local\arduino\cores\ad7ce2cedf845fbd2435460fc94e3620\core.a(main.cpp.o)
                0x08002464                premain()
 .text.startup.main
                0x08002474       0x14 C:\Users\tudor\AppData\Local\arduino\cores\ad7ce2cedf845fbd2435460fc94e3620\core.a(main.cpp.o)
                0x08002474                main
 .text.pinNametoDigitalPin
                0x08002488       0x30 C:\Users\tudor\AppData\Local\arduino\cores\ad7ce2cedf845fbd2435460fc94e3620\core.a(pins_arduino.c.o)
                0x08002488                pinNametoDigitalPin
 .text.Reset_Handler
                0x080024b8       0x48 C:\Users\tudor\AppData\Local\arduino\cores\ad7ce2cedf845fbd2435460fc94e3620\core.a(startup_stm32yyxx.S.o)
                0x080024b8                Reset_Handler
 .text.Default_Handler
                0x08002500        0x2 C:\Users\tudor\AppData\Local\arduino\cores\ad7ce2cedf845fbd2435460fc94e3620\core.a(startup_stm32yyxx.S.o)
                0x08002500                RTC_Alarm_IRQHandler
                0x08002500                DebugMon_Handler
                0x08002500                HardFault_Handler
                0x08002500                PVD_IRQHandler
                0x08002500                PendSV_Handler
                0x08002500                NMI_Handler
                0x08002500                UsageFault_Handler
                0x08002500                ADC1_2_IRQHandler
                0x08002500                SPI1_IRQHandler
                0x08002500                TAMPER_IRQHandler
                0x08002500                DMA1_Channel4_IRQHandler
                0x08002500                RTC_IRQHandler
                0x08002500                DMA1_Channel7_IRQHandler
                0x08002500                CAN1_RX1_IRQHandler
                0x08002500                I2C1_EV_IRQHandler
                0x08002500                DMA1_Channel6_IRQHandler
                0x08002500                RCC_IRQHandler
                0x08002500                TIM1_TRG_COM_IRQHandler
                0x08002500                DMA1_Channel1_IRQHandler
                0x08002500                Default_Handler
                0x08002500                MemManage_Handler
                0x08002500                SVC_Handler
                0x08002500                DMA1_Channel5_IRQHandler
                0x08002500                USB_LP_CAN1_RX0_IRQHandler
                0x08002500                USB_HP_CAN1_TX_IRQHandler
                0x08002500                DMA1_Channel3_IRQHandler
                0x08002500                WWDG_IRQHandler
                0x08002500                TIM1_BRK_IRQHandler
                0x08002500                USART2_IRQHandler
                0x08002500                DMA1_Channel2_IRQHandler
                0x08002500                CAN1_SCE_IRQHandler
                0x08002500                FLASH_IRQHandler
                0x08002500                BusFault_Handler
                0x08002500                USART1_IRQHandler
                0x08002500                I2C1_ER_IRQHandler
                0x08002500                USBWakeUp_IRQHandler
 .text.mapResolution
                0x08002502       0x26 C:\Users\tudor\AppData\Local\arduino\cores\ad7ce2cedf845fbd2435460fc94e3620\core.a(wiring_analog.c.o)
 .text.analogWrite
                0x08002528       0xdc C:\Users\tudor\AppData\Local\arduino\cores\ad7ce2cedf845fbd2435460fc94e3620\core.a(wiring_analog.c.o)
                0x08002528                analogWrite
 .text.pinMode  0x08002604       0xbc C:\Users\tudor\AppData\Local\arduino\cores\ad7ce2cedf845fbd2435460fc94e3620\core.a(wiring_digital.c.o)
                0x08002604                pinMode
 .text.digitalWrite
                0x080026c0       0x74 C:\Users\tudor\AppData\Local\arduino\cores\ad7ce2cedf845fbd2435460fc94e3620\core.a(wiring_digital.c.o)
                0x080026c0                digitalWrite
 .text.digitalRead
                0x08002734       0x80 C:\Users\tudor\AppData\Local\arduino\cores\ad7ce2cedf845fbd2435460fc94e3620\core.a(wiring_digital.c.o)
                0x08002734                digitalRead
 .text.delay    0x080027b4       0x1c C:\Users\tudor\AppData\Local\arduino\cores\ad7ce2cedf845fbd2435460fc94e3620\core.a(wiring_time.c.o)
                0x080027b4                delay
 .text._Z14serialEventRunv
                0x080027d0        0x2 C:\Users\tudor\AppData\Local\arduino\cores\ad7ce2cedf845fbd2435460fc94e3620\core.a(WSerial.cpp.o)
                0x080027d0                serialEventRun()
 .text.init     0x080027d2        0x4 C:\Users\tudor\AppData\Local\arduino\cores\ad7ce2cedf845fbd2435460fc94e3620\core.a(board.c.o)
                0x080027d2                init
 .text.__empty  0x080027d6        0x2 C:\Users\tudor\AppData\Local\arduino\cores\ad7ce2cedf845fbd2435460fc94e3620\core.a(hooks.c.o)
                0x080027d6                yield
 .text.malloc   0x080027d8       0x10 C:/Users/tudor/AppData/Local/Arduino15/packages/STMicroelectronics/tools/xpack-arm-none-eabi-gcc/14.2.1-1.1/bin/../lib/gcc/arm-none-eabi/14.2.1/../../../../arm-none-eabi/lib/thumb/v7-m/nofp\libc_nano.a(libc_a-malloc.o)
                0x080027d8                malloc
 .text.free     0x080027e8       0x10 C:/Users/tudor/AppData/Local/Arduino15/packages/STMicroelectronics/tools/xpack-arm-none-eabi-gcc/14.2.1-1.1/bin/../lib/gcc/arm-none-eabi/14.2.1/../../../../arm-none-eabi/lib/thumb/v7-m/nofp\libc_nano.a(libc_a-malloc.o)
                0x080027e8                free
 .text.sbrk_aligned
                0x080027f8       0x44 C:/Users/tudor/AppData/Local/Arduino15/packages/STMicroelectronics/tools/xpack-arm-none-eabi-gcc/14.2.1-1.1/bin/../lib/gcc/arm-none-eabi/14.2.1/../../../../arm-none-eabi/lib/thumb/v7-m/nofp\libc_nano.a(libc_a-mallocr.o)
 .text._malloc_r
                0x0800283c      0x100 C:/Users/tudor/AppData/Local/Arduino15/packages/STMicroelectronics/tools/xpack-arm-none-eabi-gcc/14.2.1-1.1/bin/../lib/gcc/arm-none-eabi/14.2.1/../../../../arm-none-eabi/lib/thumb/v7-m/nofp\libc_nano.a(libc_a-mallocr.o)
                0x0800283c                _malloc_r
 .text.__malloc_lock
                0x0800293c        0xc C:/Users/tudor/AppData/Local/Arduino15/packages/STMicroelectronics/tools/xpack-arm-none-eabi-gcc/14.2.1-1.1/bin/../lib/gcc/arm-none-eabi/14.2.1/../../../../arm-none-eabi/lib/thumb/v7-m/nofp\libc_nano.a(libc_a-mlock.o)
                0x0800293c                __malloc_lock
 .text.__malloc_unlock
                0x08002948        0xc C:/Users/tudor/AppData/Local/Arduino15/packages/STMicroelectronics/tools/xpack-arm-none-eabi-gcc/14.2.1-1.1/bin/../lib/gcc/arm-none-eabi/14.2.1/../../../../arm-none-eabi/lib/thumb/v7-m/nofp\libc_nano.a(libc_a-mlock.o)
                0x08002948                __malloc_unlock
 .text.memset   0x08002954       0x10 C:/Users/tudor/AppData/Local/Arduino15/packages/STMicroelectronics/tools/xpack-arm-none-eabi-gcc/14.2.1-1.1/bin/../lib/gcc/arm-none-eabi/14.2.1/../../../../arm-none-eabi/lib/thumb/v7-m/nofp\libc_nano.a(libc_a-memset.o)
                0x08002954                memset
 .text._sbrk_r  0x08002964       0x20 C:/Users/tudor/AppData/Local/Arduino15/packages/STMicroelectronics/tools/xpack-arm-none-eabi-gcc/14.2.1-1.1/bin/../lib/gcc/arm-none-eabi/14.2.1/../../../../arm-none-eabi/lib/thumb/v7-m/nofp\libc_nano.a(libc_a-sbrkr.o)
                0x08002964                _sbrk_r
 .text.__libc_init_array
                0x08002984       0x48 C:/Users/tudor/AppData/Local/Arduino15/packages/STMicroelectronics/tools/xpack-arm-none-eabi-gcc/14.2.1-1.1/bin/../lib/gcc/arm-none-eabi/14.2.1/../../../../arm-none-eabi/lib/thumb/v7-m/nofp\libc_nano.a(libc_a-init.o)
                0x08002984                __libc_init_array
 .text.__retarget_lock_acquire_recursive
                0x080029cc        0x2 C:/Users/tudor/AppData/Local/Arduino15/packages/STMicroelectronics/tools/xpack-arm-none-eabi-gcc/14.2.1-1.1/bin/../lib/gcc/arm-none-eabi/14.2.1/../../../../arm-none-eabi/lib/thumb/v7-m/nofp\libc_nano.a(libc_a-lock.o)
                0x080029cc                __retarget_lock_acquire_recursive
 .text.__retarget_lock_release_recursive
                0x080029ce        0x2 C:/Users/tudor/AppData/Local/Arduino15/packages/STMicroelectronics/tools/xpack-arm-none-eabi-gcc/14.2.1-1.1/bin/../lib/gcc/arm-none-eabi/14.2.1/../../../../arm-none-eabi/lib/thumb/v7-m/nofp\libc_nano.a(libc_a-lock.o)
                0x080029ce                __retarget_lock_release_recursive
 .text._free_r  0x080029d0       0x90 C:/Users/tudor/AppData/Local/Arduino15/packages/STMicroelectronics/tools/xpack-arm-none-eabi-gcc/14.2.1-1.1/bin/../lib/gcc/arm-none-eabi/14.2.1/../../../../arm-none-eabi/lib/thumb/v7-m/nofp\libc_nano.a(libc_a-freer.o)
                0x080029d0                _free_r
 .text.unlikely._ZSt25__throw_bad_function_callv
                0x08002a60        0x6 C:/Users/tudor/AppData/Local/Arduino15/packages/STMicroelectronics/tools/xpack-arm-none-eabi-gcc/14.2.1-1.1/bin/../lib/gcc/arm-none-eabi/14.2.1/../../../../arm-none-eabi/lib/thumb/v7-m/nofp\libstdc++_nano.a(functional.o)
                0x08002a60                std::__throw_bad_function_call()
 .text.abort    0x08002a66        0xe C:/Users/tudor/AppData/Local/Arduino15/packages/STMicroelectronics/tools/xpack-arm-none-eabi-gcc/14.2.1-1.1/bin/../lib/gcc/arm-none-eabi/14.2.1/../../../../arm-none-eabi/lib/thumb/v7-m/nofp\libc_nano.a(libc_a-abort.o)
                0x08002a66                abort
 .text._raise_r
                0x08002a74       0x50 C:/Users/tudor/AppData/Local/Arduino15/packages/STMicroelectronics/tools/xpack-arm-none-eabi-gcc/14.2.1-1.1/bin/../lib/gcc/arm-none-eabi/14.2.1/../../../../arm-none-eabi/lib/thumb/v7-m/nofp\libc_nano.a(libc_a-signal.o)
                0x08002a74                _raise_r
 .text.raise    0x08002ac4       0x10 C:/Users/tudor/AppData/Local/Arduino15/packages/STMicroelectronics/tools/xpack-arm-none-eabi-gcc/14.2.1-1.1/bin/../lib/gcc/arm-none-eabi/14.2.1/../../../../arm-none-eabi/lib/thumb/v7-m/nofp\libc_nano.a(libc_a-signal.o)
                0x08002ac4                raise
 .text._kill_r  0x08002ad4       0x24 C:/Users/tudor/AppData/Local/Arduino15/packages/STMicroelectronics/tools/xpack-arm-none-eabi-gcc/14.2.1-1.1/bin/../lib/gcc/arm-none-eabi/14.2.1/../../../../arm-none-eabi/lib/thumb/v7-m/nofp\libc_nano.a(libc_a-signalr.o)
                0x08002ad4                _kill_r
 .text._getpid_r
                0x08002af8        0x4 C:/Users/tudor/AppData/Local/Arduino15/packages/STMicroelectronics/tools/xpack-arm-none-eabi-gcc/14.2.1-1.1/bin/../lib/gcc/arm-none-eabi/14.2.1/../../../../arm-none-eabi/lib/thumb/v7-m/nofp\libc_nano.a(libc_a-signalr.o)
                0x08002af8                _getpid_r
 *(.glue_7)
 .glue_7        0x08002afc        0x0 linker stubs
 *(.glue_7t)
 .glue_7t       0x08002afc        0x0 linker stubs
 *(.eh_frame)
 .eh_frame      0x08002afc        0x0 C:/Users/tudor/AppData/Local/Arduino15/packages/STMicroelectronics/tools/xpack-arm-none-eabi-gcc/14.2.1-1.1/bin/../lib/gcc/arm-none-eabi/14.2.1/thumb/v7-m/nofp/crtbegin.o
 *(.init)
 .init          0x08002afc        0x4 C:/Users/tudor/AppData/Local/Arduino15/packages/STMicroelectronics/tools/xpack-arm-none-eabi-gcc/14.2.1-1.1/bin/../lib/gcc/arm-none-eabi/14.2.1/thumb/v7-m/nofp/crti.o
                0x08002afc                _init
 .init          0x08002b00        0x8 C:/Users/tudor/AppData/Local/Arduino15/packages/STMicroelectronics/tools/xpack-arm-none-eabi-gcc/14.2.1-1.1/bin/../lib/gcc/arm-none-eabi/14.2.1/thumb/v7-m/nofp/crtn.o
 *(.fini)
 .fini          0x08002b08        0x4 C:/Users/tudor/AppData/Local/Arduino15/packages/STMicroelectronics/tools/xpack-arm-none-eabi-gcc/14.2.1-1.1/bin/../lib/gcc/arm-none-eabi/14.2.1/thumb/v7-m/nofp/crti.o
                0x08002b08                _fini
 .fini          0x08002b0c        0x8 C:/Users/tudor/AppData/Local/Arduino15/packages/STMicroelectronics/tools/xpack-arm-none-eabi-gcc/14.2.1-1.1/bin/../lib/gcc/arm-none-eabi/14.2.1/thumb/v7-m/nofp/crtn.o
                0x08002b14                        . = ALIGN (0x4)
                0x08002b14                        _etext = .

.vfp11_veneer   0x08002b14        0x0
 .vfp11_veneer  0x08002b14        0x0 linker stubs

.v4_bx          0x08002b14        0x0
 .v4_bx         0x08002b14        0x0 linker stubs

.iplt           0x08002b14        0x0
 .iplt          0x08002b14        0x0 C:/Users/tudor/AppData/Local/Arduino15/packages/STMicroelectronics/tools/xpack-arm-none-eabi-gcc/14.2.1-1.1/bin/../lib/gcc/arm-none-eabi/14.2.1/thumb/v7-m/nofp/crtbegin.o

.rodata         0x08002b14      0x300
                0x08002b14                        . = ALIGN (0x4)
 *(.rodata)
 *(.rodata*)
 .rodata.aPredivFactorTable.0
                0x08002b14        0x2 C:\Users\tudor\AppData\Local\arduino\sketches\DED406463191E99DDFC8E813FE329E13\libraries\SrcWrapper\HAL\stm32yyxx_hal_rcc.c.o
 .rodata.aPLLMULFactorTable.1
                0x08002b16       0x10 C:\Users\tudor\AppData\Local\arduino\sketches\DED406463191E99DDFC8E813FE329E13\libraries\SrcWrapper\HAL\stm32yyxx_hal_rcc.c.o
 .rodata.CSWTCH.75
                0x08002b26        0x4 C:\Users\tudor\AppData\Local\arduino\sketches\DED406463191E99DDFC8E813FE329E13\libraries\SrcWrapper\HardwareTimer.cpp.o
 .rodata.CSWTCH.73
                0x08002b2a        0x4 C:\Users\tudor\AppData\Local\arduino\sketches\DED406463191E99DDFC8E813FE329E13\libraries\SrcWrapper\HardwareTimer.cpp.o
 .rodata.CSWTCH.71
                0x08002b2e        0x6 C:\Users\tudor\AppData\Local\arduino\sketches\DED406463191E99DDFC8E813FE329E13\libraries\SrcWrapper\HardwareTimer.cpp.o
 .rodata.pin_map_ll
                0x08002b34       0x40 C:\Users\tudor\AppData\Local\arduino\sketches\DED406463191E99DDFC8E813FE329E13\libraries\SrcWrapper\stm32\pinmap.c.o
                0x08002b34                pin_map_ll
 .rodata.APBPrescTable
                0x08002b74        0x8 C:\Users\tudor\AppData\Local\arduino\sketches\DED406463191E99DDFC8E813FE329E13\libraries\SrcWrapper\stm32\system_stm32yyxx.c.o
                0x08002b74                APBPrescTable
 .rodata.AHBPrescTable
                0x08002b7c       0x10 C:\Users\tudor\AppData\Local\arduino\sketches\DED406463191E99DDFC8E813FE329E13\libraries\SrcWrapper\stm32\system_stm32yyxx.c.o
                0x08002b7c                AHBPrescTable
 .rodata.PinMap_TIM
                0x08002b8c      0x1d4 C:\Users\tudor\AppData\Local\arduino\sketches\DED406463191E99DDFC8E813FE329E13\core\PeripheralPins.c.o
                0x08002b8c                PinMap_TIM
 .rodata.analogInputPin
                0x08002d60       0x28 C:\Users\tudor\AppData\Local\arduino\sketches\DED406463191E99DDFC8E813FE329E13\core\variant_BLUEPILL_F103C6.cpp.o
                0x08002d60                analogInputPin
 .rodata.digitalPin
                0x08002d88       0x8c C:\Users\tudor\AppData\Local\arduino\sketches\DED406463191E99DDFC8E813FE329E13\core\variant_BLUEPILL_F103C6.cpp.o
                0x08002d88                digitalPin
                0x08002e14                        . = ALIGN (0x4)

.ARM.extab      0x08002e14        0x0
                0x08002e14                        . = ALIGN (0x4)
 *(.ARM.extab* .gnu.linkonce.armextab.*)
                0x08002e14                        . = ALIGN (0x4)

.ARM            0x08002e14        0x0
                0x08002e14                        . = ALIGN (0x4)
                0x08002e14                        __exidx_start = .
 *(.ARM.exidx*)
                0x08002e14                        __exidx_end = .
                0x08002e14                        . = ALIGN (0x4)

.preinit_array  0x08002e14        0x0
                0x08002e14                        . = ALIGN (0x4)
                0x08002e14                        PROVIDE (__preinit_array_start = .)
 *(.preinit_array*)
                0x08002e14                        PROVIDE (__preinit_array_end = .)
                0x08002e14                        . = ALIGN (0x4)

.init_array     0x08002e14        0xc
                0x08002e14                        . = ALIGN (0x4)
                0x08002e14                        PROVIDE (__init_array_start = .)
 *(SORT_BY_NAME(.init_array.*))
 .init_array.00101
                0x08002e14        0x4 C:\Users\tudor\AppData\Local\arduino\cores\ad7ce2cedf845fbd2435460fc94e3620\core.a(main.cpp.o)
 *(.init_array*)
 .init_array    0x08002e18        0x4 C:/Users/tudor/AppData/Local/Arduino15/packages/STMicroelectronics/tools/xpack-arm-none-eabi-gcc/14.2.1-1.1/bin/../lib/gcc/arm-none-eabi/14.2.1/thumb/v7-m/nofp/crtbegin.o
 .init_array    0x08002e1c        0x4 C:\Users\tudor\AppData\Local\arduino\sketches\DED406463191E99DDFC8E813FE329E13\libraries\SrcWrapper\stm32\interrupt.cpp.o
                0x08002e20                        PROVIDE (__init_array_end = .)
                0x08002e20                        . = ALIGN (0x4)

.fini_array     0x08002e20        0x8
                0x08002e20                        . = ALIGN (0x4)
                0x08002e20                        PROVIDE (__fini_array_start = .)
 *(SORT_BY_NAME(.fini_array.*))
 *(.fini_array*)
 .fini_array    0x08002e20        0x4 C:/Users/tudor/AppData/Local/Arduino15/packages/STMicroelectronics/tools/xpack-arm-none-eabi-gcc/14.2.1-1.1/bin/../lib/gcc/arm-none-eabi/14.2.1/thumb/v7-m/nofp/crtbegin.o
 .fini_array    0x08002e24        0x4 C:\Users\tudor\AppData\Local\arduino\sketches\DED406463191E99DDFC8E813FE329E13\libraries\SrcWrapper\stm32\interrupt.cpp.o
                0x08002e28                        PROVIDE (__fini_array_end = .)
                0x08002e28                        . = ALIGN (0x4)
                0x08002e28                        _sidata = LOADADDR (.data)

.rel.dyn        0x08002e28        0x0
 .rel.iplt      0x08002e28        0x0 C:/Users/tudor/AppData/Local/Arduino15/packages/STMicroelectronics/tools/xpack-arm-none-eabi-gcc/14.2.1-1.1/bin/../lib/gcc/arm-none-eabi/14.2.1/thumb/v7-m/nofp/crtbegin.o

.data           0x20000000       0x84 load address 0x08002e28
                0x20000000                        . = ALIGN (0x4)
                0x20000000                        _sdata = .
 *(.data)
 *(.data*)
 .data.uwTickFreq
                0x20000000        0x1 C:\Users\tudor\AppData\Local\arduino\sketches\DED406463191E99DDFC8E813FE329E13\libraries\SrcWrapper\HAL\stm32yyxx_hal.c.o
                0x20000000                uwTickFreq
 *fill*         0x20000001        0x3 
 .data.uwTickPrio
                0x20000004        0x4 C:\Users\tudor\AppData\Local\arduino\sketches\DED406463191E99DDFC8E813FE329E13\libraries\SrcWrapper\HAL\stm32yyxx_hal.c.o
                0x20000004                uwTickPrio
 .data.GPIOPort
                0x20000008       0x10 C:\Users\tudor\AppData\Local\arduino\sketches\DED406463191E99DDFC8E813FE329E13\libraries\SrcWrapper\stm32\PortNames.c.o
                0x20000008                GPIOPort
 .data.hcrc     0x20000018        0x8 C:\Users\tudor\AppData\Local\arduino\sketches\DED406463191E99DDFC8E813FE329E13\libraries\SrcWrapper\stm32\hw_config.c.o
                0x20000018                hcrc
 .data.SystemCoreClock
                0x20000020        0x4 C:\Users\tudor\AppData\Local\arduino\sketches\DED406463191E99DDFC8E813FE329E13\libraries\SrcWrapper\stm32\system_stm32yyxx.c.o
                0x20000020                SystemCoreClock
 .data.heap_end.0
                0x20000024        0x4 C:\Users\tudor\AppData\Local\arduino\sketches\DED406463191E99DDFC8E813FE329E13\libraries\SrcWrapper\syscalls.c.o
 .data._writeFreq
                0x20000028        0x4 C:\Users\tudor\AppData\Local\arduino\cores\ad7ce2cedf845fbd2435460fc94e3620\core.a(wiring_analog.c.o)
 .data._internalWriteResolution
                0x2000002c        0x4 C:\Users\tudor\AppData\Local\arduino\cores\ad7ce2cedf845fbd2435460fc94e3620\core.a(wiring_analog.c.o)
 .data._writeResolution
                0x20000030        0x4 C:\Users\tudor\AppData\Local\arduino\cores\ad7ce2cedf845fbd2435460fc94e3620\core.a(wiring_analog.c.o)
 .data._impure_ptr
                0x20000034        0x4 C:/Users/tudor/AppData/Local/Arduino15/packages/STMicroelectronics/tools/xpack-arm-none-eabi-gcc/14.2.1-1.1/bin/../lib/gcc/arm-none-eabi/14.2.1/../../../../arm-none-eabi/lib/thumb/v7-m/nofp\libc_nano.a(libc_a-impure.o)
                0x20000034                _impure_ptr
 .data._impure_data
                0x20000038       0x4c C:/Users/tudor/AppData/Local/Arduino15/packages/STMicroelectronics/tools/xpack-arm-none-eabi-gcc/14.2.1-1.1/bin/../lib/gcc/arm-none-eabi/14.2.1/../../../../arm-none-eabi/lib/thumb/v7-m/nofp\libc_nano.a(libc_a-impure.o)
                0x20000038                _impure_data
 *(.RamFunc)
 *(.RamFunc*)
                0x20000084                        . = ALIGN (0x4)
                0x20000084                        _edata = .

.igot.plt       0x20000084        0x0 load address 0x08002eac
 .igot.plt      0x20000084        0x0 C:/Users/tudor/AppData/Local/Arduino15/packages/STMicroelectronics/tools/xpack-arm-none-eabi-gcc/14.2.1-1.1/bin/../lib/gcc/arm-none-eabi/14.2.1/thumb/v7-m/nofp/crtbegin.o
                0x20000084                        . = ALIGN (0x4)

.bss            0x20000084      0x2c4 load address 0x08002eac
                0x20000084                        _sbss = .
                0x20000084                        __bss_start__ = _sbss
 *(.bss)
 *(.bss*)
 .bss.completed.1
                0x20000084        0x1 C:/Users/tudor/AppData/Local/Arduino15/packages/STMicroelectronics/tools/xpack-arm-none-eabi-gcc/14.2.1-1.1/bin/../lib/gcc/arm-none-eabi/14.2.1/thumb/v7-m/nofp/crtbegin.o
 *fill*         0x20000085        0x3 
 .bss.object.0  0x20000088       0x18 C:/Users/tudor/AppData/Local/Arduino15/packages/STMicroelectronics/tools/xpack-arm-none-eabi-gcc/14.2.1-1.1/bin/../lib/gcc/arm-none-eabi/14.2.1/thumb/v7-m/nofp/crtbegin.o
 .bss.uwTick    0x200000a0        0x4 C:\Users\tudor\AppData\Local\arduino\sketches\DED406463191E99DDFC8E813FE329E13\libraries\SrcWrapper\HAL\stm32yyxx_hal.c.o
                0x200000a0                uwTick
 .bss.HardwareTimer_Handle
                0x200000a4        0xc C:\Users\tudor\AppData\Local\arduino\sketches\DED406463191E99DDFC8E813FE329E13\libraries\SrcWrapper\HardwareTimer.cpp.o
                0x200000a4                HardwareTimer_Handle
 .bss._ZL13gpio_irq_conf
                0x200000b0      0x140 C:\Users\tudor\AppData\Local\arduino\sketches\DED406463191E99DDFC8E813FE329E13\libraries\SrcWrapper\stm32\interrupt.cpp.o
 .bss.g_anOutputPinConfigured
                0x200001f0       0x10 C:\Users\tudor\AppData\Local\arduino\cores\ad7ce2cedf845fbd2435460fc94e3620\core.a(wiring_analog.c.o)
                0x200001f0                g_anOutputPinConfigured
 .bss.__malloc_sbrk_start
                0x20000200        0x4 C:/Users/tudor/AppData/Local/Arduino15/packages/STMicroelectronics/tools/xpack-arm-none-eabi-gcc/14.2.1-1.1/bin/../lib/gcc/arm-none-eabi/14.2.1/../../../../arm-none-eabi/lib/thumb/v7-m/nofp\libc_nano.a(libc_a-mallocr.o)
                0x20000200                __malloc_sbrk_start
 .bss.__malloc_free_list
                0x20000204        0x4 C:/Users/tudor/AppData/Local/Arduino15/packages/STMicroelectronics/tools/xpack-arm-none-eabi-gcc/14.2.1-1.1/bin/../lib/gcc/arm-none-eabi/14.2.1/../../../../arm-none-eabi/lib/thumb/v7-m/nofp\libc_nano.a(libc_a-mallocr.o)
                0x20000204                __malloc_free_list
 .bss.__sf      0x20000208      0x138 C:/Users/tudor/AppData/Local/Arduino15/packages/STMicroelectronics/tools/xpack-arm-none-eabi-gcc/14.2.1-1.1/bin/../lib/gcc/arm-none-eabi/14.2.1/../../../../arm-none-eabi/lib/thumb/v7-m/nofp\libc_nano.a(libc_a-findfp.o)
                0x20000208                __sf
 .bss.errno     0x20000340        0x4 C:/Users/tudor/AppData/Local/Arduino15/packages/STMicroelectronics/tools/xpack-arm-none-eabi-gcc/14.2.1-1.1/bin/../lib/gcc/arm-none-eabi/14.2.1/../../../../arm-none-eabi/lib/thumb/v7-m/nofp\libc_nano.a(libc_a-reent.o)
                0x20000340                errno
 .bss.__lock___malloc_recursive_mutex
                0x20000344        0x1 C:/Users/tudor/AppData/Local/Arduino15/packages/STMicroelectronics/tools/xpack-arm-none-eabi-gcc/14.2.1-1.1/bin/../lib/gcc/arm-none-eabi/14.2.1/../../../../arm-none-eabi/lib/thumb/v7-m/nofp\libc_nano.a(libc_a-lock.o)
                0x20000344                __lock___malloc_recursive_mutex
 *(COMMON)
                0x20000348                        . = ALIGN (0x4)
 *fill*         0x20000345        0x3 
                0x20000348                        _ebss = .
                0x20000348                        __bss_end__ = _ebss
LOAD C:/Users/tudor/AppData/Local/Arduino15/packages/STMicroelectronics/tools/xpack-arm-none-eabi-gcc/14.2.1-1.1/bin/../lib/gcc/arm-none-eabi/14.2.1/thumb/v7-m/nofp/crti.o
LOAD C:/Users/tudor/AppData/Local/Arduino15/packages/STMicroelectronics/tools/xpack-arm-none-eabi-gcc/14.2.1-1.1/bin/../lib/gcc/arm-none-eabi/14.2.1/thumb/v7-m/nofp/crtbegin.o
LOAD C:/Users/tudor/AppData/Local/Arduino15/packages/STMicroelectronics/tools/xpack-arm-none-eabi-gcc/14.2.1-1.1/bin/../lib/gcc/arm-none-eabi/14.2.1/../../../../arm-none-eabi/lib/thumb/v7-m/nofp/crt0.o
                0x00000000                        LD_FLASH_OFFSET = 0x0
                0x00008000                        LD_MAX_SIZE = 0x8000
                0x00002800                        LD_MAX_DATA_SIZE = 0x2800

.noinit         0x20000348        0x0
                0x20000348                        . = ALIGN (0x4)
                0x20000348                        _snoinit = .
 *(.noinit)
 *(.noinit*)
                0x20000348                        . = ALIGN (0x4)
                0x20000348                        _enoinit = .

._user_heap_stack
                0x20000348      0x600
                0x20000348                        . = ALIGN (0x8)
                [!provide]                        PROVIDE (end = .)
                0x20000348                        PROVIDE (_end = .)
                0x20000548                        . = (. + _Min_Heap_Size)
 *fill*         0x20000348      0x200 
                0x20000948                        . = (. + _Min_Stack_Size)
 *fill*         0x20000548      0x400 
                0x20000948                        . = ALIGN (0x8)

/DISCARD/
 libc.a(*)
 libm.a(*)
 libgcc.a(*)

.ARM.attributes
                0x00000000       0x29
 *(.ARM.attributes)
 .ARM.attributes
                0x00000000       0x1d C:/Users/tudor/AppData/Local/Arduino15/packages/STMicroelectronics/tools/xpack-arm-none-eabi-gcc/14.2.1-1.1/bin/../lib/gcc/arm-none-eabi/14.2.1/thumb/v7-m/nofp/crti.o
 .ARM.attributes
                0x0000001d       0x2d C:/Users/tudor/AppData/Local/Arduino15/packages/STMicroelectronics/tools/xpack-arm-none-eabi-gcc/14.2.1-1.1/bin/../lib/gcc/arm-none-eabi/14.2.1/thumb/v7-m/nofp/crtbegin.o
 .ARM.attributes
                0x0000004a       0x2d C:\Users\tudor\AppData\Local\arduino\sketches\DED406463191E99DDFC8E813FE329E13\sketch\line_follower.ino.cpp.o
 .ARM.attributes
                0x00000077       0x2d C:\Users\tudor\AppData\Local\arduino\sketches\DED406463191E99DDFC8E813FE329E13\libraries\SrcWrapper\HAL\stm32yyxx_hal.c.o
 .ARM.attributes
                0x000000a4       0x2d C:\Users\tudor\AppData\Local\arduino\sketches\DED406463191E99DDFC8E813FE329E13\libraries\SrcWrapper\HAL\stm32yyxx_hal_cortex.c.o
 .ARM.attributes
                0x000000d1       0x2d C:\Users\tudor\AppData\Local\arduino\sketches\DED406463191E99DDFC8E813FE329E13\libraries\SrcWrapper\HAL\stm32yyxx_hal_crc.c.o
 .ARM.attributes
                0x000000fe       0x2d C:\Users\tudor\AppData\Local\arduino\sketches\DED406463191E99DDFC8E813FE329E13\libraries\SrcWrapper\HAL\stm32yyxx_hal_gpio.c.o
 .ARM.attributes
                0x0000012b       0x2d C:\Users\tudor\AppData\Local\arduino\sketches\DED406463191E99DDFC8E813FE329E13\libraries\SrcWrapper\HAL\stm32yyxx_hal_rcc.c.o
 .ARM.attributes
                0x00000158       0x2d C:\Users\tudor\AppData\Local\arduino\sketches\DED406463191E99DDFC8E813FE329E13\libraries\SrcWrapper\HAL\stm32yyxx_hal_rcc_ex.c.o
 .ARM.attributes
                0x00000185       0x2d C:\Users\tudor\AppData\Local\arduino\sketches\DED406463191E99DDFC8E813FE329E13\libraries\SrcWrapper\HAL\stm32yyxx_hal_tim.c.o
 .ARM.attributes
                0x000001b2       0x2d C:\Users\tudor\AppData\Local\arduino\sketches\DED406463191E99DDFC8E813FE329E13\libraries\SrcWrapper\HAL\stm32yyxx_hal_tim_ex.c.o
 .ARM.attributes
                0x000001df       0x2d C:\Users\tudor\AppData\Local\arduino\sketches\DED406463191E99DDFC8E813FE329E13\libraries\SrcWrapper\HardwareTimer.cpp.o
 .ARM.attributes
                0x0000020c       0x2d C:\Users\tudor\AppData\Local\arduino\sketches\DED406463191E99DDFC8E813FE329E13\libraries\SrcWrapper\new.cpp.o
 .ARM.attributes
                0x00000239       0x2d C:\Users\tudor\AppData\Local\arduino\sketches\DED406463191E99DDFC8E813FE329E13\libraries\SrcWrapper\stm32\PortNames.c.o
 .ARM.attributes
                0x00000266       0x2d C:\Users\tudor\AppData\Local\arduino\sketches\DED406463191E99DDFC8E813FE329E13\libraries\SrcWrapper\stm32\analog.cpp.o
 .ARM.attributes
                0x00000293       0x2d C:\Users\tudor\AppData\Local\arduino\sketches\DED406463191E99DDFC8E813FE329E13\libraries\SrcWrapper\stm32\clock.c.o
 .ARM.attributes
                0x000002c0       0x2d C:\Users\tudor\AppData\Local\arduino\sketches\DED406463191E99DDFC8E813FE329E13\libraries\SrcWrapper\stm32\dwt.c.o
 .ARM.attributes
                0x000002ed       0x2d C:\Users\tudor\AppData\Local\arduino\sketches\DED406463191E99DDFC8E813FE329E13\libraries\SrcWrapper\stm32\hw_config.c.o
 .ARM.attributes
                0x0000031a       0x2d C:\Users\tudor\AppData\Local\arduino\sketches\DED406463191E99DDFC8E813FE329E13\libraries\SrcWrapper\stm32\interrupt.cpp.o
 .ARM.attributes
                0x00000347       0x2d C:\Users\tudor\AppData\Local\arduino\sketches\DED406463191E99DDFC8E813FE329E13\libraries\SrcWrapper\stm32\pinmap.c.o
 .ARM.attributes
                0x00000374       0x2d C:\Users\tudor\AppData\Local\arduino\sketches\DED406463191E99DDFC8E813FE329E13\libraries\SrcWrapper\stm32\system_stm32yyxx.c.o
 .ARM.attributes
                0x000003a1       0x2d C:\Users\tudor\AppData\Local\arduino\sketches\DED406463191E99DDFC8E813FE329E13\libraries\SrcWrapper\stm32\timer.c.o
 .ARM.attributes
                0x000003ce       0x2d C:\Users\tudor\AppData\Local\arduino\sketches\DED406463191E99DDFC8E813FE329E13\libraries\SrcWrapper\syscalls.c.o
 .ARM.attributes
                0x000003fb       0x2d C:\Users\tudor\AppData\Local\arduino\sketches\DED406463191E99DDFC8E813FE329E13\core\PeripheralPins.c.o
 .ARM.attributes
                0x00000428       0x2d C:\Users\tudor\AppData\Local\arduino\sketches\DED406463191E99DDFC8E813FE329E13\core\variant_BLUEPILL_F103C6.cpp.o
 .ARM.attributes
                0x00000455       0x2d C:\Users\tudor\AppData\Local\arduino\cores\ad7ce2cedf845fbd2435460fc94e3620\core.a(main.cpp.o)
 .ARM.attributes
                0x00000482       0x2d C:\Users\tudor\AppData\Local\arduino\cores\ad7ce2cedf845fbd2435460fc94e3620\core.a(pins_arduino.c.o)
 .ARM.attributes
                0x000004af       0x21 C:\Users\tudor\AppData\Local\arduino\cores\ad7ce2cedf845fbd2435460fc94e3620\core.a(startup_stm32yyxx.S.o)
 .ARM.attributes
                0x000004d0       0x2d C:\Users\tudor\AppData\Local\arduino\cores\ad7ce2cedf845fbd2435460fc94e3620\core.a(wiring_analog.c.o)
 .ARM.attributes
                0x000004fd       0x2d C:\Users\tudor\AppData\Local\arduino\cores\ad7ce2cedf845fbd2435460fc94e3620\core.a(wiring_digital.c.o)
 .ARM.attributes
                0x0000052a       0x2d C:\Users\tudor\AppData\Local\arduino\cores\ad7ce2cedf845fbd2435460fc94e3620\core.a(wiring_time.c.o)
 .ARM.attributes
                0x00000557       0x2d C:\Users\tudor\AppData\Local\arduino\cores\ad7ce2cedf845fbd2435460fc94e3620\core.a(WSerial.cpp.o)
 .ARM.attributes
                0x00000584       0x2d C:\Users\tudor\AppData\Local\arduino\cores\ad7ce2cedf845fbd2435460fc94e3620\core.a(board.c.o)
 .ARM.attributes
                0x000005b1       0x2d C:\Users\tudor\AppData\Local\arduino\cores\ad7ce2cedf845fbd2435460fc94e3620\core.a(hooks.c.o)
 .ARM.attributes
                0x000005de       0x2d C:/Users/tudor/AppData/Local/Arduino15/packages/STMicroelectronics/tools/xpack-arm-none-eabi-gcc/14.2.1-1.1/bin/../lib/gcc/arm-none-eabi/14.2.1/../../../../arm-none-eabi/lib/thumb/v7-m/nofp\libc_nano.a(libc_a-malloc.o)
 .ARM.attributes
                0x0000060b       0x2d C:/Users/tudor/AppData/Local/Arduino15/packages/STMicroelectronics/tools/xpack-arm-none-eabi-gcc/14.2.1-1.1/bin/../lib/gcc/arm-none-eabi/14.2.1/../../../../arm-none-eabi/lib/thumb/v7-m/nofp\libc_nano.a(libc_a-mallocr.o)
 .ARM.attributes
                0x00000638       0x2d C:/Users/tudor/AppData/Local/Arduino15/packages/STMicroelectronics/tools/xpack-arm-none-eabi-gcc/14.2.1-1.1/bin/../lib/gcc/arm-none-eabi/14.2.1/../../../../arm-none-eabi/lib/thumb/v7-m/nofp\libc_nano.a(libc_a-mlock.o)
 .ARM.attributes
                0x00000665       0x2d C:/Users/tudor/AppData/Local/Arduino15/packages/STMicroelectronics/tools/xpack-arm-none-eabi-gcc/14.2.1-1.1/bin/../lib/gcc/arm-none-eabi/14.2.1/../../../../arm-none-eabi/lib/thumb/v7-m/nofp\libc_nano.a(libc_a-findfp.o)
 .ARM.attributes
                0x00000692       0x2d C:/Users/tudor/AppData/Local/Arduino15/packages/STMicroelectronics/tools/xpack-arm-none-eabi-gcc/14.2.1-1.1/bin/../lib/gcc/arm-none-eabi/14.2.1/../../../../arm-none-eabi/lib/thumb/v7-m/nofp\libc_nano.a(libc_a-memset.o)
 .ARM.attributes
                0x000006bf       0x2d C:/Users/tudor/AppData/Local/Arduino15/packages/STMicroelectronics/tools/xpack-arm-none-eabi-gcc/14.2.1-1.1/bin/../lib/gcc/arm-none-eabi/14.2.1/../../../../arm-none-eabi/lib/thumb/v7-m/nofp\libc_nano.a(libc_a-reent.o)
 .ARM.attributes
                0x000006ec       0x2d C:/Users/tudor/AppData/Local/Arduino15/packages/STMicroelectronics/tools/xpack-arm-none-eabi-gcc/14.2.1-1.1/bin/../lib/gcc/arm-none-eabi/14.2.1/../../../../arm-none-eabi/lib/thumb/v7-m/nofp\libc_nano.a(libc_a-impure.o)
 .ARM.attributes
                0x00000719       0x2d C:/Users/tudor/AppData/Local/Arduino15/packages/STMicroelectronics/tools/xpack-arm-none-eabi-gcc/14.2.1-1.1/bin/../lib/gcc/arm-none-eabi/14.2.1/../../../../arm-none-eabi/lib/thumb/v7-m/nofp\libc_nano.a(libc_a-sbrkr.o)
 .ARM.attributes
                0x00000746       0x2d C:/Users/tudor/AppData/Local/Arduino15/packages/STMicroelectronics/tools/xpack-arm-none-eabi-gcc/14.2.1-1.1/bin/../lib/gcc/arm-none-eabi/14.2.1/../../../../arm-none-eabi/lib/thumb/v7-m/nofp\libc_nano.a(libc_a-init.o)
 .ARM.attributes